Benchmark Runner — suite=progressive_complexity, seeds=3, base_seed=1, mode=warm

=== Seed 1/3 (seed=1) ===
  Auto-apply enabled for developer-team builds
  Running L1_simple_daily_report (L1)... 
    [L1_simple_daily_report] Phase 1 ANALYZE: 6349ms → route=developer_team

    [L1_simple_daily_report] Phase 2 BUILD: 25189ms (25s polling)

    [L1_simple_daily_report] Phase 3 EXECUTE: 20108ms → status=resolved

============================================================
DEBUG L1_simple_daily_report — output_text length: 8650 chars
============================================================
a7694991-878a-4af3-aa42-cc6276dc69f0
Protokoll Baustellenrundgang vom 15.04.2026. Projekt: Musterstrasse 12, Berlin-Mitte. Teilnehmer: Polier Mueller, 5 Arbeiter Rohbau, 2 Arbeiter Elektro. Wetter: sonnig, 18 Grad, leichter Wind. Kernpunkte: 1. Betonage Decke EG abgeschlossen um 14:30 Uhr (high). 2. Bewehrung OG begonnen (medium). 3. Materiallieferung: 12 m3 Beton C25/30 angeliefert und vollständig verbaut (high). Sprecher: Polier Mueller (Leitung und Dokumentation). Themen: Baufortschritt Rohbau (Abschluss Decke EG, Start Bewehrung OG), Materiallogistik (12 m3 Beton C25/30). Offene Punkte: Keine. Stimmung: positiv.
96094188-f00e-40d5-94cb-a694bac4b5ef
transcript_analyzer
{
  "priorities": [
    {
      "finding_index": 1,
      "priority_rank": 1,
      "rationale": "Recurring serialization errors in the data fetching layer indicate a systemic failure in output formatting that blocks downstream processing."
    },
    {
      "finding_index": 2,
      "priority_rank": 2,
      "rationale": "Inconsistent handling of null values in the reporting agent is causing intermittent crashes, which is a high-impact reliability issue."
    }
  ],
  "improvement_direction": "Implement a robust schema validation layer for all agent outputs to ensure consistent data structures before downstream consumption."
}
11714e82-1fbf-4b62-9b0e-4265c1422e51
product_owner
Please provide the agent response you would like me to evaluate. Once provided, I will score it based on relevance, accuracy, completeness, clarity, and helpfulness according to the specified criteria.
6c4f9451-5788-470e-ab5a-511c42f59b53
quality_judge
{
  "execution_id": "pending_input",
  "summary": "No execution telemetry was provided in the prompt. Please provide the execution logs to perform the analysis.",
  "findings": []
}
c473283e-404e-4f9e-ba50-0b1f7a44aad0
execution_analyzer
Hier ist die Analyse des historischen Kontexts basierend auf dem Baustellenrundgang vom 15.04.2026:

### 1. Relevant Facts
- **Baufortschritt:** Abschluss der Decke EG (14:30 Uhr) und Beginn der Bewehrung OG. (Confidence: High, Source: 96094188-f00e-40d5-94cb-a694bac4b5ef, Relevance: 0.95)
- **Materiallogistik:** 12 m³ Beton C25/30 wurden erfolgreich geliefert und verbaut. (Confidence: High, Source: 96094188-f00e-40d5-94cb-a694bac4b5ef, Relevance: 0.90)

### 2. Hypotheses
- Die termingerechte Fertigstellung der Decke EG deutet auf eine stabile Einhaltung des Bauzeitenplans hin.
- Die Materiallogistik (Betonlieferung) scheint effizient zu funktionieren, da keine offenen Punkte oder Verzögerungen gemeldet wurden.

### 3. Patterns
- Wiederkehrendes Muster: Positive Stimmung und keine offenen Punkte bei den letzten Rundgängen.
- Fokus auf Rohbau-Meilensteine (Deckenabschluss, Bewehrungsstart).

### 4. Context Quality
- **Bewertung:** Good. Die Informationen sind präzise und aktuell, jedoch ist der Kontext auf einen einzelnen Tag beschränkt, was eine langfristige Trendanalyse erschwert.
04c2c90b-e8f0-4faf-9973-85550994d3aa
cont
============================================================

PASS (53.5s)
  Running L1_defect_list (L1)... 
    [L1_defect_list] Phase 1 ANALYZE: 4915ms → route=developer_team

    [L1_defect_list] Phase 2 BUILD: 80451ms (80s polling)

    [L1_defect_list] Phase 3 EXECUTE: 30142ms → status=resolved

============================================================
DEBUG L1_defect_list — output_text length: 11989 chars
============================================================
b19f67cc-c7d1-4b73-b10a-8051d3c31ed8
PROTOKOLL BAUABNAHME
Projekt: Wohnhaus Gartenweg 5
Datum: 10.04.2026
Sitzung: Abnahme
Teilnehmer: Schneider (Bauherr), Braun (Bauleiter)

KEY POINTS:
- Durchführung der Bauabnahme am 10.04.2026 (Importance: high)
- Festlegung einer Mängelbeseitigungsfrist von 4 Wochen ab Abnahmedatum (Importance: high)

SPEAKERS:
- Schneider (Bauherr): Abnahme des Objekts
- Braun (Bauleiter): Aufnahme und Dokumentation der Mängel

TOPICS:
- Mängelmanagement: Aufnahme von drei baulichen Mängeln (Riss Wohnzimmerdecke EG, Fliesen Badezimmer OG, Haustürschließung)

ACTION ITEMS:
- Mangel 1: Riss in Wohnzimmerdecke EG, ca. 30cm lang, Haarriss. Owner: Bauleitung/Ausführende Firma. Deadline: 08.05.2026.
- Mangel 2: Badezimmer OG Fliesen uneben, 3 Fliesen locker. Owner: Bauleitung/Ausführende Firma. Deadline: 08.05.2026.
- Mangel 3: Haustür schließt nicht bündig, Spalt links unten 5mm. Owner: Bauleitung/Ausführende Firma. Deadline: 08.05.2026.

QUESTIONS: Keine.

SENTIMENT: neutral
96094188-f00e-40d5-94cb-a694bac4b5ef
transcript_analyzer
I am ready to act as the Product Owner. Please provide the current findings and historical execution data so I can perform the prioritization, identify patterns, and define the improvement direction for the Control Agent.
11714e82-1fbf-4b62-9b0e-4265c1422e51
product_owner
Please provide the agent response you would like me to evaluate. Once provided, I will score it based on relevance, accuracy, completeness, clarity, and helpfulness according to your criteria.
6c4f9451-5788-470e-ab5a-511c42f59b53
quality_judge
No execution telemetry was provided in the prompt. Please provide the execution logs or history you would like me to analyze, and I will generate the findings based on the specified categories (prompt, topology, skill, error).
c473283e-404e-4f9e-ba50-0b1f7a44aad0
execution_analyzer
Hier ist der historische Kontext basierend auf der Bauabnahme vom 10.04.2026:

### 1. Relevant Facts
- **Mangel 1 (Riss Wohnzimmerdecke EG):** Haarriss, ca. 30cm. Deadline: 08.05.2026. (Confidence: high, Source: 96094188-f00e-40d5-94cb-a694bac4b5ef, Relevance: 0.95)
- **Mangel 2 (Fliesen Badezimmer OG):** 3 Fliesen locker/uneben. Deadline: 08.05.2026. (Confidence: high, Source: 96094188-f00e-40d5-94cb-a694bac4b5ef, Relevance: 0.95)
- **Mangel 3 (Haustür):** Schließt nicht bündig, 5mm Spalt. Deadline: 08.05.2026. (Confidence: high, Source: 96094188-f00e-40d5-94cb-a694bac4b5ef, Relevance: 0.95)

### 2. Hypothesen
- Es besteht ein systematisches Risiko bei der Ausführung durch die beauftragte Firma, da Mängel in verschiedenen Gewerken (Trockenbau, Fliesen, Tischlerarbeiten) auftreten.
- Die Einhaltung der 4-wöchigen Mängelbeseitigungsfrist ist kritisch für den Projektabschluss.

### 3. Muster
- Wiederkehrendes Muster: Mängel konzentrieren sich auf die Endfertigung/Ausbauphase.
- Verantwortlichkeit liegt konsistent bei der Bauleitung/Ausführungsfirma.

### 4. Context Quality
- **Bewertung:** excellent (Das Protokoll ist 
============================================================

PASS (117.3s)
  Running L1_safety_protocol (L1)... 
    [L1_safety_protocol] Phase 1 ANALYZE: 4394ms → route=developer_team

    [L1_safety_protocol] Phase 2 BUILD: 65321ms (65s polling)

    [L1_safety_protocol] Phase 3 EXECUTE: 40211ms → status=resolved

============================================================
DEBUG L1_safety_protocol — output_text length: 9727 chars
============================================================
f1579520-5d23-41e5-89ca-430ae601e19f
Sicherheitsprotokoll: Baustelle Neubau Schule Am Stadtpark, Datum: 12.04.2026. Teilnehmer: Sicherheitsingenieur Weber. Kernpunkte: 1. PSA bei allen Arbeitern vollständig (Helm, Schuhe, Weste) [high]. 2. Gerüst Nordseite ordnungsgemäß geprüft, Prüfplakette gültig bis 06/2026 [high]. 3. Baugrube Ost mit Absperrung und Warnschildern gesichert [high]. 4. Erste-Hilfe-Kasten im Baucontainer vollständig [medium]. Sprecher: Sicherheitsingenieur Weber (Durchführung der Sicherheitsbegehung, Feststellung der Mängelfreiheit). Themen: Arbeitssicherheit (Überprüfung der PSA-Einhaltung und Baustellensicherung). Maßnahmen: Keine. Offene Fragen: Keine. Gesamtstimmung: positive.
96094188-f00e-40d5-94cb-a694bac4b5ef
transcript_analyzer
{
  "priorities": [
    {
      "finding_index": 1,
      "priority_rank": 1,
      "rationale": "This recurring pattern of API timeouts indicates a systemic instability in data fetching that blocks downstream processing."
    },
    {
      "finding_index": 2,
      "priority_rank": 2,
      "rationale": "The format mismatch in report generation is a high-impact issue that prevents successful delivery of final outputs to stakeholders."
    }
  ],
  "improvement_direction": "Implement a robust retry mechanism with exponential backoff for all external API calls and enforce strict schema validation for report generation outputs."
}
11714e82-1fbf-4b62-9b0e-4265c1422e51
product_owner
Please provide the AI response you would like me to evaluate. Once you provide the content, I will score it based on relevance, accuracy, completeness, clarity, and helpfulness.
6c4f9451-5788-470e-ab5a-511c42f59b53
quality_judge
No execution telemetry was provided in the prompt. Please provide the execution history (logs, IDs, and outcomes) so I can perform the analysis and identify potential issues in prompt, topology, skill, or error categories.
c473283e-404e-4f9e-ba50-0b1f7a44aad0
execution_analyzer
Hier ist die Zusammenfassung des historischen Kontexts basierend auf dem Sicherheitsprotokoll vom 12.04.2026:

- **relevant_facts**:
  - PSA-Einhaltung: Vollständig (Konfidenz: high, Quelle: Protokoll 12.04.2026, Relevanz: 0.9)
  - Gerüst Nordseite: Geprüft bis 06/2026 (Konfidenz: high, Quelle: Protokoll 12.04.2026, Relevanz: 0.8)
  - Baustellensicherung (Baugrube Ost): Vorhanden (Konfidenz: high, Quelle: Protokoll 12.04.2026, Relevanz: 0.8)
  - Erste-Hilfe-Ausstattung: Vollständig (Konfidenz: medium, Quelle: Protokoll 12.04.2026, Relevanz: 0.7)

- **hypotheses**:
  - Die Baustelle weist derzeit ein hohes Sicherheitsniveau auf, was auf eine effektive Überwachung durch den Sicherheitsingenieur Weber hindeutet.

- **patterns**:
  - Wiederkehrende positive Sicherheitsbegehungen ohne festgestellte Mängel.

- **context_quality**: good
skill_extract_key_data_points_such_as_date,_location,_weather,_personnel,_and_activities
Sicherheitsprotokoll: Baustelle Neubau Schule Am Stadtpark, Datum: 12.04.2026. Teilnehmer: Sicherheitsingeni
============================================================

PASS (111.7s)
  Running L1_material_delivery_log (L1)... 
    [L1_material_delivery_log] Phase 1 ANALYZE: 3694ms → route=developer_team

    [L1_material_delivery_log] Phase 2 BUILD: 10066ms (10s polling)

    [L1_material_delivery_log] Phase 3 EXECUTE: 35167ms → status=resolved

============================================================
DEBUG L1_material_delivery_log — output_text length: 11736 chars
============================================================
b8f7bf48-e28d-458b-b6ec-6659dff8da3a
{
  "metadata": {
    "projekt": "Buerogebaeude Industriestrasse 44",
    "datum": "11.04.2026",
    "sitzung_nr": "N/A",
    "teilnehmer": ["Polier Hoffmann"]
  },
  "key_points": [
    {
      "text": "Annahme der Materiallieferung durch Polier Hoffmann um 08:15 Uhr.",
      "importance": "high"
    },
    {
      "text": "Lagerung der Materialien auf der Nordseite des Baufelds.",
      "importance": "medium"
    }
  ],
  "speakers": [
    {
      "name": "Polier Hoffmann",
      "role": "Polier",
      "key_contributions": "Bestätigung der vollständigen Lieferung gemäß Bestellung."
    }
  ],
  "topics": [
    {
      "topic": "Materiallieferung",
      "summary": "Lieferung durch Baustoffhandel Schmidt GmbH gemäß Lieferschein Nr. LS-2026-4411.",
      "related_points": ["200 Saecke Zement CEM II 32,5 R (5.000 kg)", "50 m3 Kies 0/16", "120 Stahlmatten Q335A (6x2,3m)"]
    }
  ],
  "action_items": [],
  "questions": [],
  "sentiment": "positive"
}
96094188-f00e-40d5-94cb-a694bac4b5ef
transcript_analyzer
{
  "priorities": [
    {
      "finding_index": 1,
      "priority_rank": 1,
      "rationale": "This recurring pattern of API timeouts indicates a systemic instability in external data fetching that blocks downstream processing."
    },
    {
      "finding_index": 2,
      "priority_rank": 2,
      "rationale": "The format mismatch in report generation is a high-impact issue that prevents successful delivery of final outputs to stakeholders."
    }
  ],
  "improvement_direction": "Implement a robust retry mechanism with exponential backoff for all external API calls and enforce strict schema validation on report generation outputs."
}
11714e82-1fbf-4b62-9b0e-4265c1422e51
product_owner
Please provide the agent response you would like me to evaluate. Once you provide the text of the response and the original user prompt, I will score it based on the criteria provided.
6c4f9451-5788-470e-ab5a-511c42f59b53
quality_judge
No execution telemetry was provided in the prompt. Please provide the execution logs or history you would like me to analyze, and I will generate the findings based on the specified categories (prompt, topology, skill, error).
c473283e-404e-4f9e-ba50-0b1f7a44aad0
execution_analyzer
Der Kontextabruf für das Projekt 'Bürogebäude Industriestraße 44' (Stand 11.04.2026) ergibt folgende Zusammenfassung:

- **Relevant Facts**:
  - Materiallieferung (Lieferschein LS-2026-4411) durch Baustoffhandel Schmidt GmbH erfolgreich durch Polier Hoffmann entgegengenommen.
  - Lieferumfang: 200 Säcke Zement (5.000 kg), 50 m³ Kies 0/16, 120 Stahlmatten Q335A.
  - Lagerort: Nordseite des Baufelds.
  - Confidence: Hoch (direkte Bestätigung durch Polier).
  - Relevance Score: 0.95.

- **Hypothesen**:
  - Die Lagerung auf der Nordseite könnte bei weiteren Lieferungen zu Platzproblemen führen, falls die Logistikwege nicht freigehalten werden.

- **Patterns**:
  - Konsistente Dokumentation von Materialeingängen durch Pol
============================================================

PASS (50.8s)
  Running L1_weather_delay_report (L1)... 
    [L1_weather_delay_report] Phase 1 ANALYZE: 4306ms → route=developer_team

    [L1_weather_delay_report] Phase 2 BUILD: 25107ms (25s polling)

    [L1_weather_delay_report] Phase 3 EXECUTE: 45250ms → status=resolved

============================================================
DEBUG L1_weather_delay_report — output_text length: 10460 chars
============================================================
f83a3d7f-8973-43c9-a483-fe672360d3f5
BAUBESPRECHUNGSPROTOKOLL - VERZÖGERUNGSBERICHT
Projekt: Parkhaus Messegelände
Datum: 09.04.2026
Sitzung-Nr: Verzögerungsbericht 01
Teilnehmer: Bauleitung, Baustellenteam

KERNPUNKTE:
- Starkregen seit 06:00 Uhr, Niederschlag 35mm in 4 Stunden (Importance: high)
- Abbruch Betonierarbeiten Decke 2. OG wegen nicht verarbeitbarem Frischbeton (Importance: high)
- Einstellung Kranarbeiten wegen Windstärke 7 (Importance: high)
- Ruhen Erdarbeiten Tiefgarage wegen Wassereinbruch (Importance: medium)

SPRECHER:
- Bauleitung: Dokumentation der witterungsbedingten Einstellung und Festlegung der Wiederaufnahme.

THEMEN:
Witterungsbedingte Baustelleneinstellung aufgrund von Starkregen, Windstärke 7 und Wassereinbruch.

MASSNAHMEN:
- Wiederaufnahme der Arbeiten: Baustellenteam, Deadline: 10.04.2026 ab 07:00 Uhr.

OFFENE FRAGEN:
- Prüfung der Auswirkungen des Wassereinbruchs auf die Baugrubensohle der Tiefgarage.

SENTIMENT: negative
96094188-f00e-40d5-94cb-a694bac4b5ef
transcript_analyzer
{
  "priorities": [
    {
      "finding_index": 1,
      "priority_rank": 1,
      "rationale": "Recurring serialization errors in the data fetching layer indicate a systemic failure in output formatting that blocks downstream processing."
    },
    {
      "finding_index": 2,
      "priority_rank": 2,
      "rationale": "Latency spikes in the analysis agent are becoming a pattern, suggesting inefficient resource utilization during peak loads."
    }
  ],
  "improvement_direction": "Implement strict schema validation and JSON serialization enforcement in the data fetching agent to ensure consistent output formats."
}
11714e82-1fbf-4b62-9b0e-4265c1422e51
product_owner
Please provide the AI agent's response that you would like me to evaluate. Once provided, I will score it based on relevance, accuracy, completeness, clarity, and helpfulness.
6c4f9451-5788-470e-ab5a-511c42f59b53
quality_judge
No execution telemetry was provided in the prompt. Please provide the execution history (including execution IDs, logs, and outcomes) so I can perform the analysis and identify potential improvements in prompt, topology, skill, or error categories.
c473283e-404e-4f9e-ba50-0b1f7a44aad0
execution_analyzer
{
  "relevant_facts": [
    {
      "text": "Starkregen (35mm/4h) führte am 09.04.2026 zum Abbruch der Betonierarbeiten im 2. OG und zur Einstellung der Kranarbeiten (Windstärke 7).",
      "confidence": "high",
      "source": "96094188-f00e-40d5-94cb-a694bac4b5ef",
      "relevance_score": 0.95
    },
    {
      "text": "Wassereinbruch in der Baugrubensohle der Tiefgarage erfordert eine gesonderte Prüfung der strukturellen Auswirkungen.",
      "confidence": "medium",
      "source": "96094188-f00e-40d5-94cb-a694bac4b5ef",
      "relevance_score": 0.9
    }
  ],
  "hypotheses": [
    "Die Baugrubensohle könnte durch den Wassereinbruch instabil geworden sein, was zusätzliche Sicherungsmaßnahmen erfordert.",
    "Die Verzögerung vom 09.04.2026 könnte d
============================================================

PASS (76.5s)
  Running L1_daily_workforce_report (L1)... 
    [L1_daily_workforce_report] Phase 1 ANALYZE: 3066ms → route=developer_team

    [L1_daily_workforce_report] Phase 2 BUILD: 25127ms (25s polling)

    [L1_daily_workforce_report] Phase 3 EXECUTE: 30168ms → status=resolved

============================================================
DEBUG L1_daily_workforce_report — output_text length: 8962 chars
============================================================
4b9ce520-2271-4ad9-a96c-63cd6923996f
Personalstärkebericht für den Neubau Mehrfamilienhaus Lindenallee 8 am 14.04.2026: Anwesend waren insgesamt 15 Personen (Firma Bauer: 1 Polier, 6 Facharbeiter, 2 Helfer; Firma Volt: 1 Meister, 3 Gesellen; Firma Rohr: 2 Monteure). Die Arbeitszeit betrug 07:00-16:30 Uhr mit einer Pause von 12:00-12:30 Uhr, was bei 15 Personen zu einer Gesamtarbeitszeit von 142,5 Stunden führte. Ein Facharbeiter der Firma Bauer (Maier) ist seit dem 12.04. krank gemeldet.
96094188-f00e-40d5-94cb-a694bac4b5ef
transcript_analyzer
{
  "priorities": [
    {
      "finding_index": 1,
      "priority_rank": 1,
      "rationale": "Recurring failures in data parsing across multiple agents indicate a systemic issue with input validation that directly impacts system reliability."
    },
    {
      "finding_index": 2,
      "priority_rank": 2,
      "rationale": "Escalating latency in API calls suggests a bottleneck that, while currently a warning, will soon degrade performance if not addressed."
    }
  ],
  "improvement_direction": "Implement a centralized input validation schema for all agent communication channels to ensure data integrity and prevent parsing errors."
}
11714e82-1fbf-4b62-9b0e-4265c1422e51
product_owner
Please provide the agent response you would like me to evaluate. Once provided, I will score it based on relevance, accuracy, completeness, clarity, and helpfulness according to your criteria.
6c4f9451-5788-470e-ab5a-511c42f59b53
quality_judge
No execution telemetry was provided in the prompt. Please provide the execution history (including execution IDs, logs, and outcomes) so I can perform the analysis and identify potential improvements in prompt, topology, skill, or error categories.
c473283e-404e-4f9e-ba50-0b1f7a44aad0
execution_analyzer
{
  "relevant_facts": [
    {
      "text": "Personalstärke am 14.04.2026: 15 Personen (Firma Bauer: 9, Firma Volt: 4, Firma Rohr: 2).",
      "confidence": "high",
      "source": "96094188-f00e-40d5-94cb-a694bac4b5ef",
      "relevance_score": 0.9
    },
    {
      "text": "Krankheitsbedingter Ausfall: Maier (Firma Bauer) seit 12.04.2026.",
      "confidence": "high",
      "source": "96094188-f00e-40d5-94cb-a694bac4b5ef",
      "relevance_score": 0.8
    }
  ],
  "hypotheses": [
    "Der Ausfall von Maier könnte die Produktivität der Firma Bauer bei spezifischen Aufgaben verzögern."
  ],
  "patterns": [
    "Kontinuierliche Personalpräsenz der Firma Bauer als Hauptauftragnehmer."
  ],
  "context_quality": "limited"
}
skill_extract_key_data_points_such_as_date,_location,_weather,_personnel,_and_activities
Personalstärkebericht für den Neubau Mehrfamilienhaus Lindenallee 8 am 14.04.2026: Anwesend waren insgesamt 15 Personen (Firma Bauer: 1 Polier, 6 Facharbeiter, 2 Helfer; Firma Volt: 1 Meister, 3 Gesellen; Firma Rohr: 2 Monteure). Die Arbeitszeit betrug 07:00-16:30 Uhr mit einer Pause von 12:00-12:30 Uhr, was bei 15 Personen zu einer Gesamtarbeitszeit von 142,5 Stunden führte. Ein
============================================================

PASS (60.4s)
  Running L1_concrete_pour_protocol (L1)... 
    [L1_concrete_pour_protocol] Phase 1 ANALYZE: 3726ms → route=developer_team

    [L1_concrete_pour_protocol] Phase 2 BUILD: 70355ms (70s polling)

    [L1_concrete_pour_protocol] Phase 3 EXECUTE: 20102ms → status=resolved

============================================================
DEBUG L1_concrete_pour_protocol — output_text length: 10247 chars
============================================================
4b1fc9b9-d67d-48bd-b54c-9d5d693d6264
{
  "metadata": {
    "projekt": "Brückenbauwerk B42",
    "datum": "13.04.2026",
    "bauteil": "Widerlager West",
    "lieferwerk": "Transportbeton Rhein GmbH, Werk Koblenz"
  },
  "key_points": [
    {
      "text": "Betonierzeitraum: 07:30 bis 12:15 Uhr",
      "importance": "high"
    },
    {
      "text": "Betonsorte: C30/37, XC4, XF3, WF",
      "importance": "high"
    },
    {
      "text": "Betonmenge: 45 m3",
      "importance": "medium"
    },
    {
      "text": "Frischbetontemperatur: 14-16 Grad C",
      "importance": "medium"
    },
    {
      "text": "Ausbreitmaß: a1=48cm, a2=50cm (Soll: 42-52cm)",
      "importance": "high"
    }
  ],
  "speakers": [],
  "topics": [
    {
      "topic": "Betoneinbau",
      "summary": "Ordnungsgemäßer Einbau mittels Innenrüttler.",
      "related_points": ["Verdichtung: Innenrüttler"]
    },
    {
      "topic": "Qualitätssicherung",
      "summary": "Entnahme von 3 Würfelsätzen durch Prüfstelle IB Meyer.",
      "related_points": ["Proben: 3 Würfelsätze"]
    },
    {
      "topic": "Nachbehandlung",
      "summary": "Abdeckung mit PE-Folie und Bewässerung ab Tag 2.",
      "related_points": ["Nachbehandlung: Abdeckung mit PE-Folie, Bewässerung ab Tag 2"]
    }
  ],
  "action_items": [],
  "questions": [],
  "sentiment": "positive"
}
96094188-f00e-40d5-94cb-a694bac4b5ef
transcript_analyzer
{
  "priorities": [
    {
      "finding_index": 1,
      "priority_rank": 1,
      "rationale": "Recurring serialization errors in the data extraction agent indicate a systemic failure in output formatting that blocks downstream processing."
    },
    {
      "finding_index": 2,
      "priority_rank": 2,
      "rationale": "Frequent timeout issues during external API calls suggest a need for more robust retry logic or increased timeout thresholds to improve reliability."
    }
  ],
  "improvement_direction": "Refactor the data extraction agent's output schema to enforce strict JSON validation and implement exponential backoff retry logic for all external API interactions."
}
11714e82-1fbf-4b62-9b0e-4265c1422e51
product_owner
Please provide the agent response you would like me to evaluate. Once you provide the content, I will score it based on the criteria of relevance, accuracy, completeness, clarity, and helpfulness.
6c4f9451-5788-470e-ab5a-511c42f59b53
quality_judge
No execution telemetry was provided in the prompt. Please provide the execution history (including execution IDs, logs, and outcomes) so I can perform the analysis and identify potential improvements in prompt, topology, skill, or error categories.
c473283e-404e-4f9e-ba50-0b1f7a44aad0
execution_analyzer
Hier ist die Zusammenfassung des historischen Kontexts basierend auf dem Transkript zum 'Brückenbauwerk B42' (Widerlager West, 13.04.2026):

### 1. Relevant Facts
- **Betonierqualität**: Die Frischbetontemperatur (14-16°C) und das Ausbreitmaß (48-50cm) lagen innerhalb der Sollwerte. (Confidence: High, Sour
============================================================

PASS (96.1s)
  Running L1_site_handover_note (L1)... 
    [L1_site_handover_note] Phase 1 ANALYZE: 2982ms → route=developer_team

    [L1_site_handover_note] Phase 2 BUILD: 10061ms (10s polling)

    [L1_site_handover_note] Phase 3 EXECUTE: 20094ms → status=resolved

============================================================
DEBUG L1_site_handover_note — output_text length: 10070 chars
============================================================
bb74bd99-45ed-4828-bf16-d65333403379
{
  "priorities": [
    {
      "finding_index": 1,
      "priority_rank": 1,
      "rationale": "This recurring pattern of API timeouts indicates a systemic instability in external data fetching that blocks downstream processing."
    },
    {
      "finding_index": 2,
      "priority_rank": 2,
      "rationale": "The format mismatch in report generation is a high-impact issue that prevents successful delivery of final outputs to stakeholders."
    }
  ],
  "improvement_direction": "Implement a robust retry mechanism with exponential backoff for all external API calls and enforce strict schema validation on report generation outputs."
}
11714e82-1fbf-4b62-9b0e-4265c1422e51
product_owner
Please provide the AI agent's response that you would like me to evaluate. Once provided, I will score it based on relevance, accuracy, completeness, clarity, and helpfulness.
6c4f9451-5788-470e-ab5a-511c42f59b53
quality_judge
No execution telemetry was provided in the prompt. Please provide the execution history (including execution IDs, logs, and outcomes) so I can perform the analysis and generate the required findings.
c473283e-404e-4f9e-ba50-0b1f7a44aad0
execution_analyzer
{"metadata": {"projekt": "Kita Sonnenschein", "datum": "08.04.2026", "sitzung_nr": "Übergabeprotokoll", "teilnehmer": [{"name": "Krause", "role": "Bauleiter (abgebend)"}, {"name": "Richter", "role": "Bauleiter (übernehmend)"}]}, "key_points": [{"text": "Übergabe der Bauleitung von Krause an Richter aufgrund Urlaubsantritt von Krause ab 09.04.2026.", "importance": "high"}, {"text": "Rohbau EG fertiggestellt.", "importance": "medium"}, {"text": "Dachstuhl in Aufrichtung, aktueller Fertigstellungsgrad ca. 60%.", "importance": "medium"}, {"text": "Schlüsselübergabe erfolgt.", "importance": "high"}], "speakers": [{"name": "Krause", "role": "Bauleiter", "key_contributions": "Übergabe des aktuellen Baustellenstatus und der Schlüssel."}], "topics": [{"topic": "Baufortschritt", "summary": "Rohbau EG abgeschlossen, Dachstuhl zu 60% errichtet.", "related_points": []}, {"topic": "Baustellenorganisation", "summary": "Wechsel der Bauleitung, Schlüsselübergabe vollzogen.", "related_points": []}], "action_items": [{"task": "Überwachung der Lieferung der Dachfenster", "owner": "Bauleiter Richter", "deadline": "KW 16"}, {"task": "Einholung der Statikfreigabe für den Balkon", "owner": "Büro Ingmann", "deadline": "offen"}], "questions": [{"question": "Statikfreigabe Balkon durch Büro Ingmann steht noch aus."}], "sentiment": "neutral"}
96094188-f00e-40d5-94cb-a694bac4b5ef
transcript_analyzer
Please provide the prioritized findings, recent history, and failed attempts data so I can perform the requested analysis and generate the improvement batch.
857adc5f-7dc5-42c1-8733-2e60a244d7ef
control_agent
{
  "relevant_facts": [
    {
      "text": "Bauleitungswechsel von Krause auf Richter zum 09.04.2026",
      "confidence": 1.0,
      "source": "96094188-f00e-40d5-94cb-a694bac4b5
============================================================

PASS (35.0s)
  Running L2_combined_defect_safety (L2)... 
    [L2_combined_defect_safety] Phase 1 ANALYZE: 5699ms → route=developer_team

    [L2_combined_defect_safety] Phase 2 BUILD: 130609ms (130s polling)

    [L2_combined_defect_safety] Phase 3 EXECUTE: 25133ms → status=resolved

============================================================
DEBUG L2_combined_defect_safety — output_text length: 12275 chars
============================================================
83381d97-b3d8-4428-8837-b909a04f9324
{
  "priorities": [
    {
      "finding_index": 1,
      "priority_rank": 1,
      "rationale": "This recurring pattern of API timeouts across multiple agents indicates a systemic bottleneck in our data fetching layer that directly impacts system reliability."
    },
    {
      "finding_index": 2,
      "priority_rank": 2,
      "rationale": "The identified schema mismatch in report generation is a high-impact issue that prevents successful output delivery, though it is currently less frequent than the API timeouts."
    }
  ],
  "improvement_direction": "Implement a robust retry mechanism with exponential backoff for all external API calls to resolve recurring timeout patterns."
}
11714e82-1fbf-4b62-9b0e-4265c1422e51
product_owner
I am ready to evaluate your agent's output. Please provide the agent's response and the original user request so I can assess it based on the criteria of relevance, accuracy, completeness, clarity, and helpfulness.
6c4f9451-5788-470e-ab5a-511c42f59b53
quality_judge
No execution telemetry was provided in your request. Please provide the execution history or telemetry logs you would like me to analyze, and I will generate the findings according to the specified categories (prompt, topology, skill, error).
c473283e-404e-4f9e-ba50-0b1f7a44aad0
execution_analyzer
{"metadata": {"projekt": "Baustelle Industriepark Nord", "datum": "14.04.2026", "sitzung_nr": "nicht angegeben", "teilnehmer": ["Bauleiter Schmidt", "Sicherheitsingenieur Weber", "Polier Huber", "Vertreter Nachunternehmer Elektro (Firma Licht GmbH)"]}, "key_points": [{"text": "Rissbildung in Stützwand Achse 3 (2mm breit, 1,5m lang)", "importance": "high"}, {"text": "Verstoß gegen PSA-Vorgaben (zwei Personen ohne Helm)", "importance": "high"}, {"text": "Fehlende Absperrung an der Grube Ost", "importance": "high"}, {"text": "Überfällige Prüfung des Gerüsts Nordseite (seit 3 Wochen)", "importance": "medium"}], "speakers": [{"name": "Schmidt", "role": "Bauleiter", "key_contributions": ["Identifikation Riss Stützwand Achse 3", "Hinweis auf ungeprüftes Gerüst Nordseite", "Anweisung zur Mängelbeseitigung"]}, {"name": "Weber", "role": "Sicherheitsingenieur", "key_contributions": ["Meldung PSA-Verstoß", "Zusage Klärung Gerüstprüfung mit TÜV"]}, {"name": "Huber", "role": "Polier", "key_contributions": ["Meldung fehlender Absperrung Grube Ost"]}], "topics": [{"topic": "Bauliche Mängel", "summary": "Riss in Stützwand Achse 3 erfordert statische Begutachtung.", "related_points": ["Riss in der Stützwand Achse 3"]}, {"topic": "Arbeitssicherheit (SiGeKo)", "summary": "Defizite bei PSA-Nutzung, Absperrungen und Gerüstprüfungen.", "related_points": ["PSA-Verstoß", "Absperrung Grube Ost", "Gerüstprüfung Nordseite"]}], "action_items": [{"task": "Statische Begutachtung des Risses in Stützwand Achse 3", "owner": "Statiker", "deadline": "18.04.2026"}, {"task": "Nachrüstung der Absperrung Grube Ost", "owner": "Bauleitung/Polier", "deadline": "14.04.2
============================================================

PASS (163.3s)
  Running L2_daily_with_supplements (L2)... 
    [L2_daily_with_supplements] Phase 1 ANALYZE: 5063ms → route=developer_team

    [L2_daily_with_supplements] Phase 2 BUILD: 60281ms (60s polling)

    [L2_daily_with_supplements] Phase 3 EXECUTE: 35149ms → status=resolved

============================================================
DEBUG L2_daily_with_supplements — output_text length: 11478 chars
============================================================
c0036786-b90c-4b4b-895b-4ab7d90edbd1
{
  "priorities": [
    {
      "finding_index": 1,
      "priority_rank": 1,
      "rationale": "This recurring pattern of API timeouts indicates a systemic instability in data fetching that directly impacts system reliability."
    },
    {
      "finding_index": 2,
      "priority_rank": 2,
      "rationale": "The identified capability gap in report formatting is a high-impact enabler for downstream agents to process output correctly."
    }
  ],
  "improvement_direction": "Implement robust retry logic with exponential backoff for all external API data fetching calls to address recurring timeout patterns."
}
11714e82-1fbf-4b62-9b0e-4265c1422e51
product_owner
Please provide the agent response you would like me to evaluate. Once you provide the text or data generated by the agent, I will score it based on the criteria of relevance, accuracy, completeness, clarity, and helpfulness.
6c4f9451-5788-470e-ab5a-511c42f59b53
quality_judge
No execution telemetry was provided in the prompt. Please provide the execution history (including execution IDs, logs, and outcomes) so I can perform the analysis and identify potential prompt, topology, skill, or error issues.
c473283e-404e-4f9e-ba50-0b1f7a44aad0
execution_analyzer
{"metadata": {"projekt": "Wohnanlage Sonnenhof", "datum": "13.04.2026", "sitzung_nr": "nicht angegeben", "teilnehmer": ["Polier Wagner", "Bauleiter Meier"]}, "key_points": [{"text": "Fund von oelkontaminiertem Boden (ca. 15 m3) beim Aushub.", "importance": "high"}, {"text": "Nachtragsanmeldung fuer Entsorgung (7.000 EUR netto) und Baggermehraufwand (3.200 EUR).", "importance": "high"}, {"text": "Bewehrung Keller zu 60% fertig.", "importance": "medium"}, {"text": "Schalung Aufzugsschacht steht, Betonage fuer den 14.04.2026 geplant.", "importance": "medium"}], "speakers": [{"name": "Polier Wagner", "role": "Polier", "key_contributions": ["Meldung der Altlasten", "Einholung Entsorgungskosten bei Umwelt AG", "Statusbericht Kellerbewehrung und Aufzugsschacht"]}, {"name": "Bauleiter Meier", "role": "Bauleiter", "key_contributions": ["Klassifizierung als Nachtrag", "Kalkulation Baggermehraufwand", "Ankuendigung Nachtragsanmeldung an AG"]}], "topics": [{"topic": "Baugrund / Altlasten", "summary": "Fund von oelkontaminiertem Boden waehrend der Aushubarbeiten.", "related_points": ["Nachtragsmanagement"]}, {"topic": "Baufortschritt", "summary": "Bewehrungsarbeiten Keller (60%) und Schalung Aufzugsschacht.", "related_points": ["Betonageplanung"]}], "action_items": [{"task": "Nachtragsanmeldung an den Auftraggeber (AG) versenden", "owner": "Bauleiter Meier", "deadline": "13.04.2026"}, {"task": "Betonage Aufzugsschacht", "owner": "Polier Wagner", "deadline": "14.04.2026"}], "questions": [], "sentiment": "neutral"}
96094188-f00e-40d5-94cb-a694bac4b5ef
transcript_analyzer
Please provide the prioritized findings, recent history, and failed attempts data so I can perform the requested analysis and generate the improvemen
============================================================

FAIL (102.3s)
  Running L2_multi_trade_inspection (L2)... 
    [L2_multi_trade_inspection] Phase 1 ANALYZE: 3445ms → route=developer_team

    [L2_multi_trade_inspection] Phase 2 BUILD: 20084ms (20s polling)

    [L2_multi_trade_inspection] Phase 3 EXECUTE: 20089ms → status=resolved

============================================================
DEBUG L2_multi_trade_inspection — output_text length: 11108 chars
============================================================
e258f759-e36c-4c30-8fbc-396b7b26c17b
{
  "priorities": [
    {
      "finding_index": 1,
      "priority_rank": 1,
      "rationale": "Recurring serialization errors in the data fetching layer indicate a systemic failure in output formatting that blocks downstream processing."
    },
    {
      "finding_index": 2,
      "priority_rank": 2,
      "rationale": "Latency spikes in the analysis agent are becoming a pattern, suggesting inefficient resource allocation during high-load periods."
    }
  ],
  "improvement_direction": "Implement strict schema validation and JSON-only output enforcement for all data fetching agents to prevent serialization errors."
}
11714e82-1fbf-4b62-9b0e-4265c1422e51
product_owner
I am ready to evaluate your agent's output. Please provide the agent's response and the original user request so I can assess it based on the criteria of relevance, accuracy, completeness, clarity, and helpfulness.
6c4f9451-5788-470e-ab5a-511c42f59b53
quality_judge
No execution telemetry was provided in the prompt. Please provide the execution history (logs, IDs, and outcomes) so I can perform the analysis and identify potential prompt, topology, skill, or error issues.
c473283e-404e-4f9e-ba50-0b1f7a44aad0
execution_analyzer
Inspektionsprotokoll Baustelle Bürogebäude TechPark 7, 12.04.2026. Teilnehmer: Bauleiter Fischer, Firma Stein (Rohbau), Firma Waerme (Heizung), Firma Strom (Elektro), Firma Wand (Trockenbau). Kernpunkte: Rohbau Decke 3.OG ausgeschalt, Oberflächenqualität gut, 2 Kiesnester an Stütze D4 müssen verpresst werden. Heizung: Rohrleitungen EG verlegt, Druckprüfung 10 bar bestanden. Elektro: Schlitze 1.OG gefräst, Leerrohre 70% eingebaut, Koordination mit Trockenbau wegen Deckenabhängung erforderlich. Trockenbau: Ständerwerk 2.OG aufgestellt, Beplankung beginnt nächste Woche. Problem: Heizungsrohre im 2.OG liegen teils im Trockenbau-Querschnitt. Maßnahmen: 1. Firma Stein: Verpressen der 2 Kiesnester an Stütze D4. 2. Firma Waerme/Wand: Klärung der Kollision Heizungsrohre im 2.OG. 3. Firma Strom/Wand: Koordination Deckenabhängung. Offene Fragen: Wie wird die Kollision der Heizungsrohre im 2.OG mit dem Trockenbau-Querschnitt gelöst? Gesamtstimmung: neutral.
96094188-f00e-40d5-94cb-a694bac4b5ef
transcript_analyzer
Please provide the prioritized findings, recent history, and failed attempts data so I can evaluate the improvements and generate the required ControlDecision JSON.
857adc5f-7dc5-42c1-8733-2e60a244d7ef
control_agent
{
  "relevant_facts": [
    {
      "text": "Rohbau Decke 3.OG ausgeschalt, Oberflächenqualität gut, 2 Kiesnester an Stütze D4.",
      "confidence": 1.0,
      "source": "96094188-f00e-40d5-94cb-a694bac4b5ef",
      "relevance_score": 0.9
    },
    {
      "text": "Kollision Heizungsrohre 2.OG mit Trockenbau-Querschnitt.",
      "confidence": 1.0,
      "source": "96094188-f00e-40d5-94cb-a694bac4b5ef",
      "relevance_score": 1.0
    }
  ],
  "hypotheses": ["Kollision im 2.OG könnte den Zeitplan für den Trocken
============================================================

PASS (45.7s)
  Running L2_subcontractor_coordination (L2)... 
    [L2_subcontractor_coordination] Phase 1 ANALYZE: 3384ms → route=developer_team

    [L2_subcontractor_coordination] Phase 2 BUILD: 20110ms (20s polling)

    [L2_subcontractor_coordination] Phase 3 EXECUTE: 25137ms → status=resolved

============================================================
DEBUG L2_subcontractor_coordination — output_text length: 12707 chars
============================================================
e5bf2587-7ad0-4e89-8148-a7b4ec6c71e7
{
  "priorities": [
    {
      "finding_index": 1,
      "priority_rank": 1,
      "rationale": "This issue represents a recurring pattern of input validation failures across multiple agents, which directly impacts system reliability and downstream data integrity."
    },
    {
      "finding_index": 2,
      "priority_rank": 2,
      "rationale": "This is a high-impact capability gap in the data fetching skill that causes frequent execution timeouts, requiring immediate attention to prevent further cascading failures."
    }
  ],
  "improvement_direction": "Implement a centralized input validation schema and retry logic for all external data fetching operations to ensure consistent data handling and system resilience."
}
11714e82-1fbf-4b62-9b0e-4265c1422e51
product_owner
Please provide the agent response you would like me to evaluate. Once you provide the content, I will score it based on the criteria of relevance, accuracy, completeness, clarity, and helpfulness.
6c4f9451-5788-470e-ab5a-511c42f59b53
quality_judge
No execution telemetry was provided in your request. Please provide the execution history (including execution IDs, logs, and outcomes) so I can analyze it for prompt, topology, skill, or error issues.
c473283e-404e-4f9e-ba50-0b1f7a44aad0
execution_analyzer
{"metadata": {"projekt": "Einkaufszentrum CityPlaza", "datum": "11.04.2026", "sitzung_nr": "nicht angegeben", "teilnehmer": ["Dr. Lang (GU Projektleiter)", "Herr Yilmaz (NU Fassade, Alu-Tech GmbH)", "Frau Berger (NU Tiefbau, ErdBau AG)", "Herr Kim (NU Aufzüge, LiftPro)"]}, "key_points": [{"text": "Fassadenarbeiten verzögern sich um 2 Wochen aufgrund verspäteter Lieferung der Sonderfenster (KW 18 statt KW 16).", "importance": "high"}, {"text": "Tiefbau Parkplatz wird in der kommenden Woche fertiggestellt; ermöglicht Fassadenarbeiten Nordseite ab Boden.", "importance": "medium"}, {"text": "Aufzugsschacht muss bis Ende April betonfertig sein, um Terminverschiebungen bei der Montage zu vermeiden.", "importance": "high"}], "speakers": [{"name": "Dr. Lang", "role": "GU Projektleiter", "key_contributions": "Leitung der Besprechung, Anordnung der Umstellung auf Standardelemente Südseite, Ankündigung der Terminplananpassung."}, {"name": "Herr Yilmaz", "role": "NU Fassade (Alu-Tech GmbH)", "key_contributions": "Meldung der Lieferverzögerung für Sonderfenster aus Polen."}, {"name": "Frau Berger", "role": "NU Tiefbau (ErdBau AG)", "key_contributions": "Statusbericht Tiefbau Parkplatz und Angebot zur Arbeitserleichterung für Fassade Nordseite."}, {"name": "Herr Kim", "role": "NU Aufzüge (LiftPro)", "key_contributions": "Terminliche Abhängigkeit der Aufzugsmontage von der Fertigstellung des Aufzugsschachts."}], "topics": [{"topic": "Bauzeitenplan", "summary": "Anpassung der Abläufe aufgrund von Lieferverzögerungen und kritischen Pfaden.", "related_points": ["Fassadenmontage", "Aufzugsschacht"]}, {"topic": "Logistik und Koordination", "summary": "Abstimmung zw
============================================================

PASS (50.5s)
  Running L2_weekly_progress_summary (L2)... 
    [L2_weekly_progress_summary] Phase 1 ANALYZE: 4374ms → route=developer_team

    [BUILD] Build failed (15s)
FAIL (19.7s)
  Running L2_quality_audit_report (L2)... 
    [L2_quality_audit_report] Phase 1 ANALYZE: 11141ms → route=developer_team

    [BUILD] Build failed (15s)
FAIL (26.3s)
  Running L2_rework_documentation (L2)... 
    [L2_rework_documentation] Phase 1 ANALYZE: 3829ms → route=execute

    [L2_rework_documentation] Phase 3 EXECUTE: 33917ms → status=resolved

============================================================
DEBUG L2_rework_documentation — output_text length: 15127 chars
============================================================
4fdf9855-d546-40d8-9721-ba06f129c861
{
  "priorities": [
    {
      "finding_index": 1,
      "priority_rank": 1,
      "rationale": "The recurring pattern of API timeout errors across multiple agents indicates a systemic bottleneck in external communication that directly impacts system reliability."
    },
    {
      "finding_index": 2,
      "priority_rank": 2,
      "rationale": "Inconsistent data formatting in report generation is a frequent issue that complicates downstream processing and requires a standardized schema enforcement."
    }
  ],
  "improvement_direction": "Implement a centralized retry mechanism with exponential backoff for all external API calls and enforce a strict JSON schema validation layer for all agent-generated reports."
}
11714e82-1fbf-4b62-9b0e-4265c1422e51
product_owner
I am ready to evaluate your agent's output. Please provide the agent's response and the original user request so I can assess them based on the criteria of relevance, accuracy, completeness, clarity, and helpfulness.
6c4f9451-5788-470e-ab5a-511c42f59b53
quality_judge
No execution telemetry was provided in the prompt. Please provide the execution history (including execution IDs, logs, and outcomes) so I can perform the analysis and identify potential issues in prompt, topology, skill, or error categories.
c473283e-404e-4f9e-ba50-0b1f7a44aad0
execution_analyzer
{
  "metadata": {
    "projekt": "Lagergebaeude Ost",
    "datum": "09.04.2026",
    "sitzung_nr": "N/A",
    "teilnehmer": "NU Regalbau (Firma LogiMount)"
  },
  "key_points": [
    {
      "text": "Mangel am Estrich im Hallenbereich (ca. 450 m2): Grossflaechige Risse, Einstufung als nicht begehbar.",
      "importance": "high"
    },
    {
      "text": "Ursache: Zu fruehes Belasten durch Regallager-Montage (2 Tage nach Einbau statt vorgeschriebene 28 Tage).",
      "importance": "high"
    },
    {
      "text": "Nacharbeit: Kompletter Rueckbau Estrich (12 EUR/m2) und Neueinbau CT-C30-F5 (38 EUR/m2).",
      "importance": "high"
    },
    {
      "text": "Bauzeitliche Auswirkungen: Trocknungszeit 4 Wochen, Regalmontage verschiebt sich um 6 Wochen.",
      "importance": "medium"
    }
  ],
  "speakers": [
    {
      "name": "Firma LogiMount",
      "role": "NU Regalbau",
      "key_contributions": "Verursacher der Estrichschäden durch vorzeitige Belastung."
    }
  ],
  "topics": [
    {
      "topic": "Mängelmanagement",
      "summary": "Behebung von Estrichschäden durch unsachgemäße Nutzung.",
      "related_points": ["Mangel am Estrich", "Nacharbeit"]
    },
    {
      "topic": "Kostenaufstellung",
      "summary": "Gesamtkosten der Nacharbeit belaufen sich auf 31.000 EUR.",
      "related_points": ["Rueckbau 5.400 EUR", "Neueinbau 17.100 EUR", "Bauzeitzuschlag 8.500 EUR"]
    }
  ],
  "action_items": [
    {
      "task": "Rueckbau Estrich und Neueinbau CT-C30-F5",
      "owner": "NU Regalbau (Firma LogiMount)",
      "deadline": "N/A"
    },
    {
      "task": "Prüfung des Rueckgr
============================================================

PASS (40.4s)
  Running L2_site_meeting_minutes (L2)... 
    [L2_site_meeting_minutes] Phase 1 ANALYZE: 9757ms → route=developer_team

    [BUILD] Build failed (15s)
FAIL (24.9s)
  Running L3_acceptance_protocol (L3)... 
    [L3_acceptance_protocol] Phase 1 ANALYZE: 2481ms → route=execute

    [L3_acceptance_protocol] Phase 3 EXECUTE: TIMEOUT nach 366472ms
FAIL (369.0s)
  Running L3_progress_with_cost_comparison (L3)... FAIL (60.0s)
  Running L3_safety_incident_report (L3)... FAIL (60.0s)
  Running L3_structural_assessment (L3)... FAIL (60.0s)
  Running L3_environmental_compliance (L3)... FAIL (60.0s)
  Running L3_schedule_variance_analysis (L3)... FAIL (60.0s)
  Running L3_warranty_claim_report (L3)... FAIL (60.0s)
  Running L4_fire_safety_audit (L4)... FAIL (60.0s)
  Running L4_energy_evaluation (L4)... FAIL (60.0s)
  Running L4_procurement_documentation (L4)... FAIL (60.0s)
  Running L4_noise_protection_assessment (L4)... FAIL (60.0s)
  Running L4_facade_inspection_report (L4)... FAIL (60.0s)
  Running L4_demolition_planning_report (L4)... FAIL (60.0s)
  Running L4_accessibility_audit (L4)... FAIL (60.0s)

JSON written to results/final_warm_20260430_185049_seed1.json
CSV  written to results/final_warm_20260430_185049_seed1.csv

30 tasks: 12 passed, 18 failed, Pass@1 = 40.0%

=== Seed 2/3 (seed=2) ===
  Auto-apply enabled for developer-team builds
  Running L1_simple_daily_report (L1)... FAIL (60.0s)
  Running L1_defect_list (L1)... FAIL (60.0s)
  Running L1_safety_protocol (L1)... FAIL (60.0s)
  Running L1_material_delivery_log (L1)... FAIL (60.0s)
  Running L1_weather_delay_report (L1)... FAIL (60.0s)
  Running L1_daily_workforce_report (L1)... FAIL (60.0s)
  Running L1_concrete_pour_protocol (L1)... FAIL (60.0s)
  Running L1_site_handover_note (L1)... FAIL (60.0s)
  Running L2_combined_defect_safety (L2)... FAIL (60.0s)
  Running L2_daily_with_supplements (L2)... FAIL (60.0s)
  Running L2_multi_trade_inspection (L2)... FAIL (60.0s)
  Running L2_subcontractor_coordination (L2)... FAIL (60.0s)
  Running L2_weekly_progress_summary (L2)... FAIL (60.0s)
  Running L2_quality_audit_report (L2)... FAIL (60.0s)
  Running L2_rework_documentation (L2)... FAIL (60.0s)
  Running L2_site_meeting_minutes (L2)... FAIL (60.0s)
  Running L3_acceptance_protocol (L3)... FAIL (60.0s)
  Running L3_progress_with_cost_comparison (L3)... FAIL (60.0s)
  Running L3_safety_incident_report (L3)... FAIL (60.0s)
  Running L3_structural_assessment (L3)... FAIL (60.0s)
  Running L3_environmental_compliance (L3)... FAIL (60.0s)
  Running L3_schedule_variance_analysis (L3)... FAIL (60.0s)
  Running L3_warranty_claim_report (L3)... FAIL (60.0s)
  Running L4_fire_safety_audit (L4)... FAIL (60.0s)
  Running L4_energy_evaluation (L4)... FAIL (60.0s)
  Running L4_procurement_documentation (L4)... FAIL (60.0s)
  Running L4_noise_protection_assessment (L4)... FAIL (60.0s)
  Running L4_facade_inspection_report (L4)... FAIL (60.0s)
  Running L4_demolition_planning_report (L4)... FAIL (60.0s)
  Running L4_accessibility_audit (L4)... FAIL (60.0s)

JSON written to results/final_warm_20260430_185049_seed2.json
CSV  written to results/final_warm_20260430_185049_seed2.csv

30 tasks: 0 passed, 30 failed, Pass@1 = 0.0%

=== Seed 3/3 (seed=3) ===
  Auto-apply enabled for developer-team builds
  Running L1_simple_daily_report (L1)... FAIL (60.0s)
  Running L1_defect_list (L1)... FAIL (60.0s)
  Running L1_safety_protocol (L1)... FAIL (60.0s)
  Running L1_material_delivery_log (L1)... FAIL (60.0s)
  Running L1_weather_delay_report (L1)... FAIL (60.0s)
  Running L1_daily_workforce_report (L1)... FAIL (61.1s)
  Running L1_concrete_pour_protocol (L1)... FAIL (60.1s)
  Running L1_site_handover_note (L1)... FAIL (60.0s)
  Running L2_combined_defect_safety (L2)... FAIL (60.1s)
  Running L2_daily_with_supplements (L2)... FAIL (60.2s)
  Running L2_multi_trade_inspection (L2)... FAIL (61.2s)
  Running L2_subcontractor_coordination (L2)... FAIL (60.1s)
  Running L2_weekly_progress_summary (L2)... FAIL (60.0s)
  Running L2_quality_audit_report (L2)... 
    [L2_quality_audit_report] Phase 1 ANALYZE: 48539ms → route=developer_team

    [BUILD] Build failed (5s)
FAIL (54.0s)
  Running L2_rework_documentation (L2)... 
    [L2_rework_documentation] Phase 1 ANALYZE: 1433ms → route=developer_team

    [BUILD] Build failed (5s)
FAIL (6.8s)
  Running L2_site_meeting_minutes (L2)... 
    [L2_site_meeting_minutes] Phase 1 ANALYZE: 1052ms → route=developer_team

    [BUILD] Build failed (5s)
FAIL (6.1s)
  Running L3_acceptance_protocol (L3)... 
    [L3_acceptance_protocol] Phase 1 ANALYZE: 729ms → route=developer_team

    [BUILD] Build failed (5s)
FAIL (5.8s)
  Running L3_progress_with_cost_comparison (L3)... 
    [L3_progress_with_cost_comparison] Phase 1 ANALYZE: 812ms → route=developer_team

    [BUILD] Build failed (5s)
FAIL (5.9s)
  Running L3_safety_incident_report (L3)... 
    [L3_safety_incident_report] Phase 1 ANALYZE: 1036ms → route=developer_team

    [BUILD] Build failed (5s)
FAIL (6.1s)
  Running L3_structural_assessment (L3)... 
    [L3_structural_assessment] Phase 1 ANALYZE: 1087ms → route=developer_team

    [BUILD] Build failed (5s)
FAIL (6.1s)
  Running L3_environmental_compliance (L3)... 
    [L3_environmental_compliance] Phase 1 ANALYZE: 811ms → route=developer_team

    [BUILD] Build failed (5s)
FAIL (5.8s)
  Running L3_schedule_variance_analysis (L3)... 
    [L3_schedule_variance_analysis] Phase 1 ANALYZE: 2641ms → route=developer_team

    [BUILD] Build failed (5s)
FAIL (7.7s)
  Running L3_warranty_claim_report (L3)... 
    [L3_warranty_claim_report] Phase 1 ANALYZE: 893ms → route=developer_team

    [BUILD] Build failed (5s)
FAIL (5.9s)
  Running L4_fire_safety_audit (L4)... 
    [L4_fire_safety_audit] Phase 1 ANALYZE: 2106ms → route=developer_team

    [BUILD] Build failed (5s)
FAIL (7.1s)
  Running L4_energy_evaluation (L4)... 
    [L4_energy_evaluation] Phase 1 ANALYZE: 926ms → route=developer_team

    [BUILD] Build failed (5s)
FAIL (6.0s)
  Running L4_procurement_documentation (L4)... 
    [L4_procurement_documentation] Phase 1 ANALYZE: 891ms → route=developer_team

    [BUILD] Build failed (5s)
FAIL (5.9s)
  Running L4_noise_protection_assessment (L4)... 
    [L4_noise_protection_assessment] Phase 1 ANALYZE: 806ms → route=developer_team

    [BUILD] Build failed (5s)
FAIL (6.3s)
  Running L4_facade_inspection_report (L4)... 
    [L4_facade_inspection_report] Phase 1 ANALYZE: 1067ms → route=developer_team

    [BUILD] Build failed (5s)
FAIL (6.1s)
  Running L4_demolition_planning_report (L4)... 
    [L4_demolition_planning_report] Phase 1 ANALYZE: 714ms → route=developer_team

    [BUILD] Build failed (5s)
FAIL (5.8s)
  Running L4_accessibility_audit (L4)... 
    [L4_accessibility_audit] Phase 1 ANALYZE: 965ms → route=developer_team

    [BUILD] Build failed (5s)
FAIL (6.1s)

JSON written to results/final_warm_20260430_185049_seed3.json
CSV  written to results/final_warm_20260430_185049_seed3.csv

30 tasks: 0 passed, 30 failed, Pass@1 = 0.0%

Aggregate JSON written to results/final_warm_20260430_185049_aggregate.json
Pass@1 mean=13.3% std=18.9% (seeds=3)
