[2m09:49:58[0m [[32m[1minfo     [0m] [1mStarted server process [21243]          [0m
[2m09:49:58[0m [[32m[1minfo     [0m] [1mWaiting for application startup.        [0m
[2m09:49:59[0m [[32m[1minfo     [0m] [1mDatabase already initialized (30 tables)[0m
[2m09:49:59[0m [[32m[1minfo     [0m] [1mSetting up OpenTelemetry for lumari-backend v0.1.0[0m
[2m09:49:59[0m [[32m[1minfo     [0m] [1mConsole span exporter enabled           [0m
[2m09:49:59[0m [[32m[1minfo     [0m] [1mFastAPI instrumentation complete        [0m
[2m09:49:59[0m [[32m[1minfo     [0m] [1mOpenTelemetry instrumentation initialized[0m
[2m09:49:59[0m [[32m[1minfo     [0m] [1mBackfilling applicability for 9 skills...[0m
[2m09:50:00[0m [[32m[1minfo     [0m] [1m  skill_extract_technical_data_from_audit_findings: applicability set[0m
[2m09:50:01[0m [[32m[1minfo     [0m] [1m  skill_calculate_phase_specific_costs_and_timelines_for_the_demolition_project: applicability set[0m
[2m09:50:01[0m [[32m[1minfo     [0m] [1m  skill_create_a_structured_defect_and_safety_report: applicability set[0m
[2m09:50:02[0m [[32m[1minfo     [0m] [1m  skill_generate_a_structured_change_order_document_for_the_client: applicability set[0m
[2m09:50:03[0m [[32m[1minfo     [0m] [1m  skill_generate_pdf_inspection_report_file: applicability set[0m
[2m09:50:04[0m [[32m[1minfo     [0m] [1m  skill_calculate_the_3_year_average_for_heating_and_electricity_consumption: applicability set[0m
[2m09:50:06[0m [[32m[1minfo     [0m] [1m  skill_estimate_concrete_repair_and_corrosion_protection_costs: applicability set[0m
[2m09:50:06[0m [[32m[1minfo     [0m] [1m  skill_compute_potential_energy_savings_from_server_waste_heat_recovery: applicability set[0m
[2m09:50:07[0m [[32m[1minfo     [0m] [1m  skill_analyze_the_impact_of_the_new_server_room_on_electricity_consumption_trends: applicability set[0m
[2m09:50:07[0m [[32m[1minfo     [0m] [1mApplicability backfill complete         [0m
[2m09:50:07[0m [[32m[1minfo     [0m] [1mApplication startup complete.           [0m
[2m09:50:07[0m [[32m[1minfo     [0m] [1mUvicorn running on http://127.0.0.1:8000 (Press CTRL+C to quit)[0m
[2m09:54:04[0m [[32m[1minfo     [0m] [1mUpdating user settings: auto_apply=True [0m [36mreq[0m=[35me1d38901[0m
[2m09:54:05[0m [[32m[1minfo     [0m] [1mUpdated settings for user default: auto_apply=True[0m [36mreq[0m=[35me1d38901[0m
[2m09:54:05[0m [[32m[1minfo     [0m] [1mrequest_finished                        [0m [36mduration[0m=[35m0.156[0m [36mmethod[0m=[35mPUT[0m [36mpath[0m=[35m/api/v1/challenges/settings/user[0m [36mreq[0m=[35me1d38901[0m [36mrequest_id[0m=[35me1d38901-13ef-4240-9191-e5d10dff8bd4[0m [36mstatus[0m=[35m200[0m
[2m09:54:05[0m [[32m[1minfo     [0m] [1mDirect challenge analysis: execution_id=76f2a865-9546-41cc-87d4-b598a65fc323[0m [36mreq[0m=[35m29da237c[0m
[2m09:54:05[0m [[32m[1minfo     [0m] [1mPre-execution analysis starting for execution 76f2a865-9546-41cc-87d4-b598a65fc323[0m [36mreq[0m=[35m29da237c[0m
[2m09:54:05[0m [[32m[1minfo     [0m] [1mAnalyzing challenge for execution 76f2a865-9546-41cc-87d4-b598a65fc323[0m [36mreq[0m=[35m29da237c[0m
[2m09:54:05[0m [[32m[1minfo     [0m] [1mLoading topology from database...       [0m [36mreq[0m=[35m29da237c[0m
[2m09:54:05[0m [[32m[1minfo     [0m] [1mMapped 22 skill entries to 22 capabilities[0m [36mreq[0m=[35m29da237c[0m
[2m09:54:05[0m [[32m[1minfo     [0m] [1mTopology validated: 11 agents in 5 waves[0m [36mreq[0m=[35m29da237c[0m
[2m09:54:05[0m [[32m[1minfo     [0m] [1mLoaded 22 skills for topology           [0m [36mreq[0m=[35m29da237c[0m
[2m09:54:05[0m [[32m[1minfo     [0m] [1mTopology loaded: 11 agents, 5 waves     [0m [36mreq[0m=[35m29da237c[0m
[2m09:54:05[0m [[32m[1minfo     [0m] [1mSkill 'skill_calculate_financial_impact_of_corrective_measures' provides applicability: 'Select this skill when you need to quantify the risk-mitigation effectiveness of a proposed financial hedge by comparing Value at Risk (VaR) and Conditional Value at Risk (CVaR) before and after applying a corrective factor to historical return data. It is applicable when you have a sufficient dataset of historical returns and wish to evaluate the potential reduction in tail-risk exposure.'[0m [36mreq[0m=[35m29da237c[0m
[2m09:54:05[0m [[32m[1minfo     [0m] [1mSkill 'skill_compute_remaining_warranty_periods_for_specific_building_components' provides applicability: 'Use this skill when you need to determine the active warranty status of a building component by providing its installation date and total warranty duration in months. It is applicable whenever you must calculate the remaining time until expiration or verify if a component's warranty has already lapsed.'[0m [36mreq[0m=[35m29da237c[0m
[2m09:54:05[0m [[32m[1minfo     [0m] [1mSkill 'skill_calculate_variance_between_planned_and_actual_project_costs' provides applicability: 'Select this skill when you need to evaluate project financial performance by comparing planned budget figures against actual expenditures. It should be used to determine the monetary variance, percentage deviation, and whether the project cost status is favorable or adverse.'[0m [36mreq[0m=[35m29da237c[0m
[2m09:54:05[0m [[32m[1minfo     [0m] [1mSkill 'skill_evaluate_structural_sound_insulation_performance_for_building_components' provides applicability: 'Select this skill when you need to estimate the Sound Transmission Class (STC) rating of a building component and verify if it meets a specific performance target based on its material type and thickness. It is applicable for preliminary acoustic assessments of SIP, wood frame, concrete, or steel stud assemblies with a minimum thickness of 10mm.'[0m [36mreq[0m=[35m29da237c[0m
[2m09:54:05[0m [[32m[1minfo     [0m] [1mSkill 'skill_calculate_total_costs_for_soil_disposal_and_additional_excavation_work' provides applicability: 'Select this skill when you need to estimate the total financial expenditure for an excavation project, provided you have the site dimensions, unit rates for excavation and disposal, and the soil swell factor.'[0m [36mreq[0m=[35m29da237c[0m
[2m09:54:05[0m [[32m[1minfo     [0m] [1mSkill 'skill_calculate_remediation_deadline' provides applicability: 'Select this skill when you need to determine a remediation deadline for a security finding or task based on its severity level. It should be used when you have a discovery date and a defined severity, and you require the output in either calendar or business days.'[0m [36mreq[0m=[35m29da237c[0m
[2m09:54:05[0m [[32m[1minfo     [0m] [1mSkill 'skill_calculate_structural_load_capacity_for_mezzanine_floor' provides applicability: 'Use this skill when designing or verifying mezzanine floor beams to determine the maximum allowable uniform load based on bending strength and L/360 deflection limits. It is applicable when the span, material properties (modulus of elasticity, yield strength), and section properties (moment of inertia, section modulus) are known.'[0m [36mreq[0m=[35m29da237c[0m
[2m09:54:05[0m [[32m[1minfo     [0m] [1mSkill 'skill_verify_compliance_of_concrete_parameters_against_specified_standards' provides applicability: 'Use this skill when you need to validate that concrete mix parameters meet specific structural standards, specifically ensuring compressive strength is between 20.0–80.0 MPa and the water-cement ratio is between 0.4–0.6.'[0m [36mreq[0m=[35m29da237c[0m
[2m09:54:05[0m [[32m[1minfo     [0m] [1mSkill 'skill_structure_defect_data' provides applicability: 'Select this skill when you need to validate, normalize, and categorize a list of defect records into "critical" and "minor" groups based on their severity level. It should be used when processing raw defect data that requires consistent formatting and structural verification.'[0m [36mreq[0m=[35m29da237c[0m
[2m09:54:05[0m [[32m[1minfo     [0m] [1mSkill 'skill_calculate_total_working_hours_per_personnel_group' provides applicability: 'Use this skill when you need to aggregate total working hours by personnel group from a list of time records, including those that span across midnight or require break time deductions. It is applicable when your input data provides start times, end times, and break durations for each record.'[0m [36mreq[0m=[35m29da237c[0m
[2m09:54:05[0m [[32m[1minfo     [0m] [1mSkill 'skill_create_a_final_pdf_or_text_based_report_of_the_pouring_protocol' provides applicability: 'Select this skill when you need to generate a formal PDF record of a completed pouring procedure. It should be used once the required protocol data—specifically the timestamp, liquid type, volume, and operator name—has been successfully captured.'[0m [36mreq[0m=[35m29da237c[0m
[2m09:54:05[0m [[32m[1minfo     [0m] [1mSkill 'skill_calculate_total_defect_remediation_costs_and_retention_amounts' provides applicability: 'This skill should be selected when you need to calculate the total financial impact of software defects by applying stage-based cost multipliers and determining the corresponding retention amount for a project. It is applicable when you have a list of defects—each with associated hours, rates, and overhead—and a defined retention percentage.'[0m [36mreq[0m=[35m29da237c[0m
[2m09:54:05[0m [[32m[1minfo     [0m] [1mSkill 'skill_calculate_total_weight_and_volume_metrics_from_delivery_items' provides applicability: 'Select this skill when you need to calculate the aggregate weight, volume, and total quantity for a list of delivery items. It should be used when input data requires schema validation to ensure all items have non-negative dimensions and valid quantities before performing the calculation.'[0m [36mreq[0m=[35m29da237c[0m
[2m09:54:05[0m [[32m[1minfo     [0m] [1mSkill 'skill_calculate_the_3_year_average_for_heating_and_electricity_consumption' provides applicability: 'Select this skill when you need to analyze long-term consumption trends by calculating a 3-year rolling average for heating and electricity data. It is applicable when you have a dataset containing date-stamped records categorized as either "heating" or "electricity."'[0m [36mreq[0m=[35m29da237c[0m
[2m09:54:05[0m [[32m[1minfo     [0m] [1mSkill 'skill_estimate_concrete_repair_and_corrosion_protection_costs' provides applicability: 'This skill should be used when you need to calculate the total projected budget for concrete repair and corrosion protection projects based on specific surface area, repair depth, and unit cost data. It is applicable when you need to account for site-specific risk factors, such as access difficulty and environmental severity, to generate a detailed cost breakdown.'[0m [36mreq[0m=[35m29da237c[0m
[2m09:54:05[0m [[32m[1minfo     [0m] [1mSkill 'skill_generate_pdf_inspection_report_file' provides applicability: 'Select this skill when you need to programmatically generate a structured PDF document from inspection data. It should be used when you have a dictionary of inspection details and require a secure, formatted file saved within the designated reports directory.'[0m [36mreq[0m=[35m29da237c[0m
[2m09:54:05[0m [[32m[1minfo     [0m] [1mSkill 'skill_extract_technical_data_from_audit_findings' provides applicability: 'Select this skill when you need to parse structured technical information from a PDF audit report using either a default pattern or a custom regular expression. It should be used when the target file is located within the designated data directory and requires automated extraction of specific findings based on text patterns.'[0m [36mreq[0m=[35m29da237c[0m
[2m09:54:05[0m [[32m[1minfo     [0m] [1mSkill 'skill_compute_potential_energy_savings_from_server_waste_heat_recovery' provides applicability: 'Select this skill when evaluating the feasibility of a server waste heat recovery system to quantify potential annual energy savings, net financial benefits, and carbon emission reductions. It should be used when you have specific operational data, including coolant mass flow, temperature differentials, system efficiency, and local utility costs.'[0m [36mreq[0m=[35m29da237c[0m
[2m09:54:05[0m [[32m[1minfo     [0m] [1mSkill 'skill_calculate_phase_specific_costs_and_timelines_for_the_demolition_project' provides applicability: 'Use this skill when you need to aggregate total costs and project durations categorized by specific demolition phases. It should be selected when provided with a structured list of tasks containing phase names, individual costs, and day counts.'[0m [36mreq[0m=[35m29da237c[0m
[2m09:54:05[0m [[32m[1minfo     [0m] [1mSkill 'skill_analyze_the_impact_of_the_new_server_room_on_electricity_consumption_trends' provides applicability: 'Select this skill when you need to quantify the impact of a new server room on energy usage by comparing median electricity consumption before and after a specific installation date. It is applicable when you have a time-series dataset containing both pre- and post-installation records and require a robust analysis that minimizes the influence of outliers.'[0m [36mreq[0m=[35m29da237c[0m
[2m09:54:05[0m [[32m[1minfo     [0m] [1mSkill 'skill_generate_a_structured_change_order_document_for_the_client' provides applicability: 'Select this skill when you need to formalize a project scope adjustment by generating a structured, professional change order document. It should be used once the change order number, client details, scope description, and positive cost adjustment have been finalized and validated.'[0m [36mreq[0m=[35m29da237c[0m
[2m09:54:05[0m [[32m[1minfo     [0m] [1mSkill 'skill_create_a_structured_defect_and_safety_report' provides applicability: 'Select this skill when an application error occurs and you need to generate a standardized, traceable defect report containing the exception details, input payload, and relevant metadata. It should be invoked within error-handling blocks to ensure consistent logging and diagnostic documentation of system failures.'[0m [36mreq[0m=[35m29da237c[0m
[2m09:54:05[0m [[32m[1minfo     [0m] [1mExtracted 22 capabilities from 22 active skills[0m [36mreq[0m=[35m29da237c[0m
[2m09:54:05[0m [[32m[1minfo     [0m] [1mPrompt 'prompt_analyze_construction_project_details' provides affected_capability: 'analyze construction project details'[0m [36mreq[0m=[35m29da237c[0m
[2m09:54:05[0m [[32m[1minfo     [0m] [1mPrompt 'prompt_extract_key_project_status_information' provides affected_capability: 'extract key project status information'[0m [36mreq[0m=[35m29da237c[0m
[2m09:54:05[0m [[32m[1minfo     [0m] [1mPrompt 'transcript_analyzer_prompt' provides affected_capability: 'analyze meeting transcript'[0m [36mreq[0m=[35m29da237c[0m
[2m09:54:05[0m [[32m[1minfo     [0m] [1mPrompt 'report_generator_prompt' provides affected_capability: 'write a formal safety report based on provided incident data'[0m [36mreq[0m=[35m29da237c[0m
[2m09:54:05[0m [[32m[1minfo     [0m] [1mPrompt 'prompt_summarize_corrective_actions_and_preventive_measures_taken' provides affected_capability: 'summarize corrective actions and preventive measures taken'[0m [36mreq[0m=[35m29da237c[0m
[2m09:54:05[0m [[32m[1minfo     [0m] [1mPrompt 'report_finalizer_prompt' provides affected_capability: 'format structured report data into a professional document'[0m [36mreq[0m=[35m29da237c[0m
[2m09:54:05[0m [[32m[1minfo     [0m] [1mPrompt 'prompt_analyze_delivery_information_from_unstructured_text' provides affected_capability: 'analyze delivery information from unstructured text'[0m [36mreq[0m=[35m29da237c[0m
[2m09:54:05[0m [[32m[1minfo     [0m] [1mPrompt 'prompt_generate_structured_handover_document' provides affected_capability: 'generate structured handover document'[0m [36mreq[0m=[35m29da237c[0m
[2m09:54:05[0m [[32m[1minfo     [0m] [1mExtracted 8 capabilities from 8 active prompts[0m [36mreq[0m=[35m29da237c[0m
[2m09:54:07[0m [[32m[1minfo     [0m] [1mLLM extracted 5 capabilities: 2 execution, 3 knowledge[0m [36mreq[0m=[35m29da237c[0m
[2m09:54:07[0m [[32m[1minfo     [0m] [1mExtracted 5 required capabilities       [0m [36mreq[0m=[35m29da237c[0m
[2m09:54:07[0m [[32m[1minfo     [0m] [1mLoading embedding model: BAAI/bge-base-en-v1.5[0m
[2m09:54:07[0m [[32m[1minfo     [0m] [1mEmbedding model loaded                  [0m
[2m09:54:13[0m [[32m[1minfo     [0m] [1mAssessment complete: MAYBE (2 gaps, 2 suggestions)[0m [36mreq[0m=[35m29da237c[0m
[2m09:54:13[0m [[32m[1minfo     [0m] [1mASSESSMENT_LOG execution_id=76f2a865-9546-41cc-87d4-b598a65fc323 confidence=MAYBE gaps=2 route=developer_team duration_ms=8150[0m [36mreq[0m=[35m29da237c[0m
[2m09:54:13[0m [[32m[1minfo     [0m] [1mPre-execution analysis complete: MAYBE -> route: developer_team[0m [36mreq[0m=[35m29da237c[0m
[2m09:54:13[0m [[32m[1minfo     [0m] [1mOrchestrator analysis complete: confidence=MAYBE, route=developer_team[0m [36mreq[0m=[35m29da237c[0m
[2m09:54:13[0m [[32m[1minfo     [0m] [1m0 gaps already satisfied, 2 remaining   [0m [36mreq[0m=[35m29da237c[0m
[2m09:54:13[0m [[32m[1minfo     [0m] [1mGenerated build plan for challenge 4e257d41-a3d1-4638-a0dc-331ec7d7517b: 2 items, 0 critical[0m [36mreq[0m=[35m29da237c[0m
[2m09:54:13[0m [[32m[1minfo     [0m] [1mrequest_finished                        [0m [36mduration[0m=[35m8.822[0m [36mmethod[0m=[35mPOST[0m [36mpath[0m=[35m/api/v1/challenges/analyze[0m [36mreq[0m=[35m29da237c[0m [36mrequest_id[0m=[35m29da237c-dc8c-4ea9-b118-2e5a05e36f30[0m [36mstatus[0m=[35m200[0m
[2m09:54:13[0m [[32m[1minfo     [0m] [1mStarting capability building: challenge_id=4e257d41-a3d1-4638-a0dc-331ec7d7517b[0m [36mreq[0m=[35m29da237c[0m
[2m09:54:13[0m [[32m[1minfo     [0m] [1mLoading topology from database...       [0m [36mreq[0m=[35m29da237c[0m
[2m09:54:13[0m [[32m[1minfo     [0m] [1mMapped 22 skill entries to 22 capabilities[0m [36mreq[0m=[35m29da237c[0m
[2m09:54:13[0m [[32m[1minfo     [0m] [1mTopology validated: 11 agents in 5 waves[0m [36mreq[0m=[35m29da237c[0m
[2m09:54:13[0m [[32m[1minfo     [0m] [1mLoaded 22 skills for topology           [0m [36mreq[0m=[35m29da237c[0m
[2m09:54:13[0m [[32m[1minfo     [0m] [1mTopology loaded: 11 agents, 5 waves     [0m [36mreq[0m=[35m29da237c[0m
[2m09:54:13[0m [[32m[1minfo     [0m] [1mRuntimeAgentRegistry initialized with max_concurrent=5[0m [36mreq[0m=[35m29da237c[0m
[2m09:54:13[0m [[32m[1minfo     [0m] [1mProcessing blocked challenge: id=4e257d41..., attempt=1/5[0m [36mreq[0m=[35m29da237c[0m
[2m09:54:14[0m [[32m[1minfo     [0m] [1mCreated gap plan: id=2ab58d93..., challenge=4e257d41..., gaps=2, cycle=1[0m [36mreq[0m=[35m29da237c[0m
[2m09:54:14[0m [[32m[1minfo     [0m] [1mCreated gap plan: 2ab58d93..., cycle=1, gaps=2[0m [36mreq[0m=[35m29da237c[0m
[2m09:54:14[0m [[32m[1minfo     [0m] [1mStarted gap plan: 2ab58d93...           [0m [36mreq[0m=[35m29da237c[0m
[2m09:54:14[0m [[32m[1minfo     [0m] [1mExecuting gap plan: 2ab58d93..., total_gaps=2, cycle=1[0m [36mreq[0m=[35m29da237c[0m
[2m09:54:14[0m [[32m[1minfo     [0m] [1mProcessing gap: 097323ad... type=missing_planning_skill, capability=verify compliance of technical defects against DIN standards, severity=important[0m [36mreq[0m=[35m29da237c[0m
[2m09:54:14[0m [[33m[1mwarning  [0m] [1mUnknown gap type 'missing_planning_skill', using generic builder[0m [36mreq[0m=[35m29da237c[0m
[2m09:54:14[0m [[32m[1minfo     [0m] [1mBuilding capability: gap_type=missing_planning_skill, severity=important, attempt=1, approach=direct[0m [36mreq[0m=[35m29da237c[0m
[2m09:54:14[0m [[32m[1minfo     [0m] [1mDecomposing task id=a0e7494e..., files=1[0m [36mreq[0m=[35m29da237c[0m
[2m09:54:16[0m [[32m[1minfo     [0m] [1mDecomposed task into 2 subtasks, 2 waves[0m [36mreq[0m=[35m29da237c[0m
[2m09:54:16[0m [[32m[1minfo     [0m] [1mExecuting wave 1/2, files=['prompts/generated/prompt_verify_compliance_of_technical_defects_against_din_standards.txt'][0m [36mreq[0m=[35m29da237c[0m
[2m09:54:16[0m [[32m[1minfo     [0m] [1mRegistered agent id=d074eef5..., task=a0e7494e..., file=prompts/generated/prompt_verify_compliance_of_technical_defects_against_din_standards.txt[0m [36mreq[0m=[35m29da237c[0m
[2m09:54:16[0m [[32m[1minfo     [0m] [1mUpdated agent id=d074eef5... status=running[0m [36mreq[0m=[35m29da237c[0m
[2m09:54:16[0m [[32m[1minfo     [0m] [1mExecuting agent id=d074eef5..., file=prompts/generated/prompt_verify_compliance_of_technical_defects_against_din_standards.txt[0m [36mreq[0m=[35m29da237c[0m
[2m09:54:18[0m [[32m[1minfo     [0m] [1mAgent completed id=d074eef5..., duration=2.08s[0m [36mreq[0m=[35m29da237c[0m
[2m09:54:18[0m [[32m[1minfo     [0m] [1mUpdated agent id=d074eef5... status=completed[0m [36mreq[0m=[35m29da237c[0m
[2m09:54:18[0m [[32m[1minfo     [0m] [1mExecuting wave 2/2, files=['scripts/test_din_compliance_prompt.py'][0m [36mreq[0m=[35m29da237c[0m
[2m09:54:18[0m [[32m[1minfo     [0m] [1mRegistered agent id=2bc22f63..., task=a0e7494e..., file=scripts/test_din_compliance_prompt.py[0m [36mreq[0m=[35m29da237c[0m
[2m09:54:18[0m [[32m[1minfo     [0m] [1mUpdated agent id=2bc22f63... status=running[0m [36mreq[0m=[35m29da237c[0m
[2m09:54:18[0m [[32m[1minfo     [0m] [1mExecuting agent id=2bc22f63..., file=scripts/test_din_compliance_prompt.py[0m [36mreq[0m=[35m29da237c[0m
[2m09:54:18[0m [[32m[1minfo     [0m] [1mGetting challenge status: id=4e257d41-a3d1-4638-a0dc-331ec7d7517b[0m [36mreq[0m=[35m352531c1[0m
[2m09:54:18[0m [[32m[1minfo     [0m] [1mrequest_finished                        [0m [36mduration[0m=[35m0.019[0m [36mmethod[0m=[35mGET[0m [36mpath[0m=[35m/api/v1/challenges/4e257d41-a3d1-4638-a0dc-331ec7d7517b[0m [36mreq[0m=[35m352531c1[0m [36mrequest_id[0m=[35m352531c1-5bef-400c-b4e4-d854e4806017[0m [36mstatus[0m=[35m200[0m
{
    "name": "developer_team.decompose_task",
    "context": {
        "trace_id": "0x4aee660d434610b4bde941bf7894907b",
        "span_id": "0x0280faf136c0cb3c",
        "trace_state": "[]"
    },
    "kind": "SpanKind.INTERNAL",
    "parent_id": "0x872494cd9379233d",
    "start_time": "2026-04-30T09:54:14.063649Z",
    "end_time": "2026-04-30T09:54:16.379205Z",
    "status": {
        "status_code": "UNSET"
    },
    "attributes": {},
    "events": [],
    "links": [],
    "resource": {
        "attributes": {
            "telemetry.sdk.language": "python",
            "telemetry.sdk.name": "opentelemetry",
            "telemetry.sdk.version": "1.40.0",
            "service.name": "lumari-backend",
            "service.version": "0.1.0",
            "service.namespace": "lumari",
            "deployment.environment": "development",
            "telemetry.middleware.version": "1.0.0"
        },
        "schema_url": ""
    }
}
{
    "name": "agent_spawner.spawn_and_execute",
    "context": {
        "trace_id": "0x4aee660d434610b4bde941bf7894907b",
        "span_id": "0x380807910cc5b2e1",
        "trace_state": "[]"
    },
    "kind": "SpanKind.INTERNAL",
    "parent_id": "0xf22f7b5340fe0447",
    "start_time": "2026-04-30T09:54:16.380853Z",
    "end_time": "2026-04-30T09:54:18.467425Z",
    "status": {
        "status_code": "UNSET"
    },
    "attributes": {
        "agent.id": "d074eef5-0c7b-4cae-883c-16f5e5e0fa90",
        "agent.task_id": "a0e7494e-2a2c-420b-8abd-c9590bde8172",
        "agent.file_path": "prompts/generated/prompt_verify_compliance_of_technical_defects_against_din_standards.txt",
        "agent.timeout_seconds": 300,
        "agent.registered": true,
        "agent.success": true,
        "agent.duration_seconds": 2.0846657752990723
    },
    "events": [],
    "links": [],
    "resource": {
        "attributes": {
            "telemetry.sdk.language": "python",
            "telemetry.sdk.name": "opentelemetry",
            "telemetry.sdk.version": "1.40.0",
            "service.name": "lumari-backend",
            "service.version": "0.1.0",
            "service.namespace": "lumari",
            "deployment.environment": "development",
            "telemetry.middleware.version": "1.0.0"
        },
        "schema_url": ""
    }
}
{
    "name": "developer_team.execute_wave",
    "context": {
        "trace_id": "0x4aee660d434610b4bde941bf7894907b",
        "span_id": "0xf22f7b5340fe0447",
        "trace_state": "[]"
    },
    "kind": "SpanKind.INTERNAL",
    "parent_id": "0x872494cd9379233d",
    "start_time": "2026-04-30T09:54:16.379555Z",
    "end_time": "2026-04-30T09:54:18.467700Z",
    "status": {
        "status_code": "UNSET"
    },
    "attributes": {
        "wave.files": [
            "prompts/generated/prompt_verify_compliance_of_technical_defects_against_din_standards.txt"
        ]
    },
    "events": [],
    "links": [],
    "resource": {
        "attributes": {
            "telemetry.sdk.language": "python",
            "telemetry.sdk.name": "opentelemetry",
            "telemetry.sdk.version": "1.40.0",
            "service.name": "lumari-backend",
            "service.version": "0.1.0",
            "service.namespace": "lumari",
            "deployment.environment": "development",
            "telemetry.middleware.version": "1.0.0"
        },
        "schema_url": ""
    }
}
[2m09:54:20[0m [[32m[1minfo     [0m] [1mAgent completed id=2bc22f63..., duration=2.15s[0m [36mreq[0m=[35m29da237c[0m
[2m09:54:20[0m [[32m[1minfo     [0m] [1mUpdated agent id=2bc22f63... status=completed[0m [36mreq[0m=[35m29da237c[0m
[2m09:54:20[0m [[32m[1minfo     [0m] [1mUnregistered agent id=d074eef5...       [0m [36mreq[0m=[35m29da237c[0m
[2m09:54:20[0m [[32m[1minfo     [0m] [1mUnregistered agent id=2bc22f63...       [0m [36mreq[0m=[35m29da237c[0m
[2m09:54:20[0m [[32m[1minfo     [0m] [1mCleaned up 2 agents for task a0e7494e...[0m [36mreq[0m=[35m29da237c[0m
[2m09:54:20[0m [[32m[1minfo     [0m] [1mBuilt prompt: id=b1565e31..., name=prompt_verify_compliance_of_technical_defects_against_din_standards[0m [36mreq[0m=[35m29da237c[0m
[2m09:54:20[0m [[32m[1minfo     [0m] [1mInjecting capability: type=prompt, id=b1565e31...[0m [36mreq[0m=[35m29da237c[0m
[2m09:54:20[0m [[32m[1minfo     [0m] [1mLoading topology from database...       [0m [36mreq[0m=[35m29da237c[0m
[2m09:54:20[0m [[32m[1minfo     [0m] [1mMapped 22 skill entries to 22 capabilities[0m [36mreq[0m=[35m29da237c[0m
[2m09:54:20[0m [[32m[1minfo     [0m] [1mTopology validated: 11 agents in 5 waves[0m [36mreq[0m=[35m29da237c[0m
[2m09:54:20[0m [[32m[1minfo     [0m] [1mLoaded 22 skills for topology           [0m [36mreq[0m=[35m29da237c[0m
[2m09:54:20[0m [[32m[1minfo     [0m] [1mTopology loaded: 11 agents, 5 waves     [0m [36mreq[0m=[35m29da237c[0m
[2m09:54:20[0m [[32m[1minfo     [0m] [1mCapability injected successfully: prompt/b1565e31...[0m [36mreq[0m=[35m29da237c[0m
[2m09:54:20[0m [[33m[1mwarning  [0m] [1mFailureAnalyzer record_attempt failed (non-fatal): (sqlalchemy.dialects.postgresql.asyncpg.IntegrityError) <class 'asyncpg.exceptions.ForeignKeyViolationError'>: insert or update on table "skill_build_attempts" violates foreign key constraint "skill_build_attempts_skill_id_fkey"
DETAIL:  Key (skill_id)=(b1565e31-feb0-4439-84a5-ebc1029a8c5f) is not present in table "skills".
[SQL: INSERT INTO skill_build_attempts (id, capability, team_role, attempt_number, approach, code_snapshot, pip_requirements, system_packages, success, error_type, error_message, sandbox_stdout, sandbox_stderr, execution_time_ms, research_context, failure_analysis, strategy_id, error_type_classified, lesson_learned, related_attempt_ids, skill_id) VALUES ($1::VARCHAR, $2::VARCHAR, $3::VARCHAR, $4::INTEGER, $5::VARCHAR, $6::VARCHAR, $7::JSON, $8::JSON, $9::BOOLEAN, $10::VARCHAR, $11::VARCHAR, $12::VARCHAR, $13::VARCHAR, $14::INTEGER, $15::JSON, $16::JSON, $17::VARCHAR, $18::VARCHAR, $19::VARCHAR, $20::JSON, $21::VARCHAR) RETURNING skill_build_attempts.created_at]
[parameters: ('34e8c677-d572-40e5-a9de-44858e2f8d25', 'verify compliance of technical defects against DIN standards', None, 1, None, None, '[]', '[]', True, None, None, None, None, 0, 'null', 'null', None, None, None, '[]', 'b1565e31-feb0-4439-84a5-ebc1029a8c5f')]
(Background on this error at: https://sqlalche.me/e/20/gkpj)[0m [36mreq[0m=[35m29da237c[0m
[2m09:54:20[0m [[32m[1minfo     [0m] [1mGap completed: 097323ad... -> prompt/b1565e31...[0m [36mreq[0m=[35m29da237c[0m
[2m09:54:20[0m [[32m[1minfo     [0m] [1mProcessing gap: 047b0634... type=missing_skill, capability=draft formal acceptance protocol (Abnahmeprotokoll) including defect catalog, severity=important[0m [36mreq[0m=[35m29da237c[0m
[2m09:54:20[0m [[32m[1minfo     [0m] [1mStrategy proposed for draft formal acceptance protocol (Abnahmeprotokoll) including defect catalog: direct (confidence=0.5)[0m [36mreq[0m=[35m29da237c[0m
[2m09:54:20[0m [[32m[1minfo     [0m] [1mBuilding capability: gap_type=missing_skill, severity=important, attempt=1, approach=direct[0m [36mreq[0m=[35m29da237c[0m
[2m09:54:20[0m [[32m[1minfo     [0m] [1mUsing Skill Team for capability: draft formal acceptance protocol (Abnahmeprotokoll) including defect catalog[0m [36mreq[0m=[35m29da237c[0m
[2m09:54:20[0m [[32m[1minfo     [0m] [1mStarting team-based skill development for: draft formal acceptance protocol (Abnahmeprotokoll) including defect catalog[0m [36mreq[0m=[35m29da237c[0m
[2m09:54:21[0m [[32m[1minfo     [0m] [1mResearching capability: draft formal acceptance protocol (Abnahmeprotokoll) including defect catalog[0m [36mreq[0m=[35m29da237c[0m
[2m09:54:21[0m [[32m[1minfo     [0m] [1mresponse: https://en.wikipedia.org/w/api.php?action=opensearch&profile=fuzzy&limit=1&search=python%20draft%20formal%20acceptance%20protocol%20%28Abnahmeprotokoll%29%20including%20defect%20catalog%20implementation%20example%20code 200[0m
[2m09:54:21[0m [[32m[1minfo     [0m] [1mresponse: https://grokipedia.com/api/typeahead?query=python+draft+formal+acceptance+protocol+%28Abnahmeprotokoll%29+including+defect+catalog+implementation+example+code&limit=1 200[0m
[2m09:54:23[0m [[32m[1minfo     [0m] [1mresponse: https://www.mojeek.com/search?q=python+draft+formal+acceptance+protocol+%28Abnahmeprotokoll%29+including+defect+catalog+implementation+example+code 200[0m
[2m09:54:23[0m [[32m[1minfo     [0m] [1mresponse: https://yandex.com/search/site/?text=python+draft+formal+acceptance+protocol+%28Abnahmeprotokoll%29+including+defect+catalog+implementation+example+code&web=1&searchid=4319797 200[0m
[2m09:54:23[0m [[32m[1minfo     [0m] [1mWeb search for 'python draft formal acceptance protocol (Abnahmeprotokoll) i' returned 5 results[0m [36mreq[0m=[35m29da237c[0m
[2m09:54:23[0m [[32m[1minfo     [0m] [1mGetting challenge status: id=4e257d41-a3d1-4638-a0dc-331ec7d7517b[0m [36mreq[0m=[35m71751cc9[0m
[2m09:54:24[0m [[32m[1minfo     [0m] [1mrequest_finished                        [0m [36mduration[0m=[35m0.29[0m [36mmethod[0m=[35mGET[0m [36mpath[0m=[35m/api/v1/challenges/4e257d41-a3d1-4638-a0dc-331ec7d7517b[0m [36mreq[0m=[35m71751cc9[0m [36mrequest_id[0m=[35m71751cc9-5f07-4b79-8d82-bc5d24434c2f[0m [36mstatus[0m=[35m200[0m
{
    "name": "agent_spawner.spawn_and_execute",
    "context": {
        "trace_id": "0x4aee660d434610b4bde941bf7894907b",
        "span_id": "0x460f111246fa2ebb",
        "trace_state": "[]"
    },
    "kind": "SpanKind.INTERNAL",
    "parent_id": "0x7bfea25bf03081c8",
    "start_time": "2026-04-30T09:54:18.468075Z",
    "end_time": "2026-04-30T09:54:20.622103Z",
    "status": {
        "status_code": "UNSET"
    },
    "attributes": {
        "agent.id": "2bc22f63-0333-491e-9180-c3e466366ce5",
        "agent.task_id": "a0e7494e-2a2c-420b-8abd-c9590bde8172",
        "agent.file_path": "scripts/test_din_compliance_prompt.py",
        "agent.timeout_seconds": 300,
        "agent.registered": true,
        "agent.success": true,
        "agent.duration_seconds": 2.1530797481536865
    },
    "events": [],
    "links": [],
    "resource": {
        "attributes": {
            "telemetry.sdk.language": "python",
            "telemetry.sdk.name": "opentelemetry",
            "telemetry.sdk.version": "1.40.0",
            "service.name": "lumari-backend",
            "service.version": "0.1.0",
            "service.namespace": "lumari",
            "deployment.environment": "development",
            "telemetry.middleware.version": "1.0.0"
        },
        "schema_url": ""
    }
}
{
    "name": "developer_team.execute_wave",
    "context": {
        "trace_id": "0x4aee660d434610b4bde941bf7894907b",
        "span_id": "0x7bfea25bf03081c8",
        "trace_state": "[]"
    },
    "kind": "SpanKind.INTERNAL",
    "parent_id": "0x872494cd9379233d",
    "start_time": "2026-04-30T09:54:18.467857Z",
    "end_time": "2026-04-30T09:54:20.622430Z",
    "status": {
        "status_code": "UNSET"
    },
    "attributes": {
        "wave.files": [
            "scripts/test_din_compliance_prompt.py"
        ]
    },
    "events": [],
    "links": [],
    "resource": {
        "attributes": {
            "telemetry.sdk.language": "python",
            "telemetry.sdk.name": "opentelemetry",
            "telemetry.sdk.version": "1.40.0",
            "service.name": "lumari-backend",
            "service.version": "0.1.0",
            "service.namespace": "lumari",
            "deployment.environment": "development",
            "telemetry.middleware.version": "1.0.0"
        },
        "schema_url": ""
    }
}
{
    "name": "developer_team.execute_complex_task",
    "context": {
        "trace_id": "0x4aee660d434610b4bde941bf7894907b",
        "span_id": "0x872494cd9379233d",
        "trace_state": "[]"
    },
    "kind": "SpanKind.INTERNAL",
    "parent_id": null,
    "start_time": "2026-04-30T09:54:14.063302Z",
    "end_time": "2026-04-30T09:54:20.623663Z",
    "status": {
        "status_code": "UNSET"
    },
    "attributes": {
        "task.id": "a0e7494e-2a2c-420b-8abd-c9590bde8172",
        "task.files_count": 1,
        "task.subtasks_count": 2,
        "task.waves_count": 2,
        "task.files_completed": 2,
        "task.files_failed": 0,
        "task.success": true
    },
    "events": [],
    "links": [],
    "resource": {
        "attributes": {
            "telemetry.sdk.language": "python",
            "telemetry.sdk.name": "opentelemetry",
            "telemetry.sdk.version": "1.40.0",
            "service.name": "lumari-backend",
            "service.version": "0.1.0",
            "service.namespace": "lumari",
            "deployment.environment": "development",
            "telemetry.middleware.version": "1.0.0"
        },
        "schema_url": ""
    }
}
[2m09:54:28[0m [[32m[1minfo     [0m] [1mSummarized 5 sources into 2967 chars    [0m [36mreq[0m=[35m29da237c[0m
[2m09:54:28[0m [[32m[1minfo     [0m] [1mResearch complete for draft formal acceptance protocol (Abnahmeprotokoll) including defect catalog: pip=[], examples=1[0m [36mreq[0m=[35m29da237c[0m
[2m09:54:28[0m [[32m[1minfo     [0m] [1mResearch complete: 0 packages found     [0m [36mreq[0m=[35m29da237c[0m
[2m09:54:29[0m [[32m[1minfo     [0m] [1mGetting challenge status: id=4e257d41-a3d1-4638-a0dc-331ec7d7517b[0m [36mreq[0m=[35m87a96f38[0m
[2m09:54:29[0m [[32m[1minfo     [0m] [1mrequest_finished                        [0m [36mduration[0m=[35m0.008[0m [36mmethod[0m=[35mGET[0m [36mpath[0m=[35m/api/v1/challenges/4e257d41-a3d1-4638-a0dc-331ec7d7517b[0m [36mreq[0m=[35m87a96f38[0m [36mrequest_id[0m=[35m87a96f38-39a1-46ee-bb9e-455be00aa389[0m [36mstatus[0m=[35m200[0m
[2m09:54:31[0m [[32m[1minfo     [0m] [1mArchitecture complete: 3 test cases defined[0m [36mreq[0m=[35m29da237c[0m
[2m09:54:31[0m [[32m[1minfo     [0m] [1mDocker client connected successfully    [0m [36mreq[0m=[35m29da237c[0m
[2m09:54:32[0m [[32m[1minfo     [0m] [1mSession container created: d59dcaa9d989 [0m [36mreq[0m=[35m29da237c[0m
[2m09:54:32[0m [[32m[1minfo     [0m] [1mInstalling system packages: libpango-1.0-0 libpangocairo-1.0-0 libcairo2[0m [36mreq[0m=[35m29da237c[0m
[2m09:54:34[0m [[32m[1minfo     [0m] [1mGetting challenge status: id=4e257d41-a3d1-4638-a0dc-331ec7d7517b[0m [36mreq[0m=[35m993f6343[0m
[2m09:54:34[0m [[32m[1minfo     [0m] [1mrequest_finished                        [0m [36mduration[0m=[35m0.082[0m [36mmethod[0m=[35mGET[0m [36mpath[0m=[35m/api/v1/challenges/4e257d41-a3d1-4638-a0dc-331ec7d7517b[0m [36mreq[0m=[35m993f6343[0m [36mrequest_id[0m=[35m993f6343-daba-4d9f-96c6-f78daf70f2af[0m [36mstatus[0m=[35m200[0m
[2m09:54:39[0m [[32m[1minfo     [0m] [1mGetting challenge status: id=4e257d41-a3d1-4638-a0dc-331ec7d7517b[0m [36mreq[0m=[35mfbcdbd9d[0m
[2m09:54:39[0m [[32m[1minfo     [0m] [1mrequest_finished                        [0m [36mduration[0m=[35m0.025[0m [36mmethod[0m=[35mGET[0m [36mpath[0m=[35m/api/v1/challenges/4e257d41-a3d1-4638-a0dc-331ec7d7517b[0m [36mreq[0m=[35mfbcdbd9d[0m [36mrequest_id[0m=[35mfbcdbd9d-a142-4cc0-8044-491272a0661c[0m [36mstatus[0m=[35m200[0m
[2m09:54:44[0m [[32m[1minfo     [0m] [1mGetting challenge status: id=4e257d41-a3d1-4638-a0dc-331ec7d7517b[0m [36mreq[0m=[35ma6e67316[0m
[2m09:54:44[0m [[32m[1minfo     [0m] [1mrequest_finished                        [0m [36mduration[0m=[35m0.007[0m [36mmethod[0m=[35mGET[0m [36mpath[0m=[35m/api/v1/challenges/4e257d41-a3d1-4638-a0dc-331ec7d7517b[0m [36mreq[0m=[35ma6e67316[0m [36mrequest_id[0m=[35ma6e67316-9ab9-4b28-b5de-5fa2663f226e[0m [36mstatus[0m=[35m200[0m
[2m09:54:48[0m [[32m[1minfo     [0m] [1mSystem packages installed successfully: libpango-1.0-0 libpangocairo-1.0-0 libcairo2[0m [36mreq[0m=[35m29da237c[0m
[2m09:54:48[0m [[32m[1minfo     [0m] [1mInstalling pip packages: "pydantic>=2.0" "jinja2>=3.0" "weasyprint>=60.0"[0m [36mreq[0m=[35m29da237c[0m
[2m09:54:49[0m [[32m[1minfo     [0m] [1mGetting challenge status: id=4e257d41-a3d1-4638-a0dc-331ec7d7517b[0m [36mreq[0m=[35mf980bb03[0m
[2m09:54:49[0m [[32m[1minfo     [0m] [1mrequest_finished                        [0m [36mduration[0m=[35m0.005[0m [36mmethod[0m=[35mGET[0m [36mpath[0m=[35m/api/v1/challenges/4e257d41-a3d1-4638-a0dc-331ec7d7517b[0m [36mreq[0m=[35mf980bb03[0m [36mrequest_id[0m=[35mf980bb03-f2d6-4884-9a89-da285c5ce819[0m [36mstatus[0m=[35m200[0m
[2m09:54:54[0m [[32m[1minfo     [0m] [1mGetting challenge status: id=4e257d41-a3d1-4638-a0dc-331ec7d7517b[0m [36mreq[0m=[35m3886d75a[0m
[2m09:54:54[0m [[32m[1minfo     [0m] [1mrequest_finished                        [0m [36mduration[0m=[35m0.015[0m [36mmethod[0m=[35mGET[0m [36mpath[0m=[35m/api/v1/challenges/4e257d41-a3d1-4638-a0dc-331ec7d7517b[0m [36mreq[0m=[35m3886d75a[0m [36mrequest_id[0m=[35m3886d75a-c2be-4e9a-8c7b-bae66a72f495[0m [36mstatus[0m=[35m200[0m
[2m09:54:55[0m [[32m[1minfo     [0m] [1mPip packages installed successfully     [0m [36mreq[0m=[35m29da237c[0m
[2m09:54:55[0m [[32m[1minfo     [0m] [1mImplementation iteration 1/10           [0m [36mreq[0m=[35m29da237c[0m
[2m09:54:59[0m [[32m[1minfo     [0m] [1mGetting challenge status: id=4e257d41-a3d1-4638-a0dc-331ec7d7517b[0m [36mreq[0m=[35m8a91f329[0m
[2m09:54:59[0m [[32m[1minfo     [0m] [1mrequest_finished                        [0m [36mduration[0m=[35m0.013[0m [36mmethod[0m=[35mGET[0m [36mpath[0m=[35m/api/v1/challenges/4e257d41-a3d1-4638-a0dc-331ec7d7517b[0m [36mreq[0m=[35m8a91f329[0m [36mrequest_id[0m=[35m8a91f329-aadb-41f1-bfee-0cd02032ad7e[0m [36mstatus[0m=[35m200[0m
[2m09:55:03[0m [[32m[1minfo     [0m] [1mReview iteration 1/2                    [0m [36mreq[0m=[35m29da237c[0m
[2m09:55:04[0m [[32m[1minfo     [0m] [1mGetting challenge status: id=4e257d41-a3d1-4638-a0dc-331ec7d7517b[0m [36mreq[0m=[35m04eab47a[0m
[2m09:55:04[0m [[32m[1minfo     [0m] [1mrequest_finished                        [0m [36mduration[0m=[35m0.013[0m [36mmethod[0m=[35mGET[0m [36mpath[0m=[35m/api/v1/challenges/4e257d41-a3d1-4638-a0dc-331ec7d7517b[0m [36mreq[0m=[35m04eab47a[0m [36mrequest_id[0m=[35m04eab47a-79b1-4e1e-a821-e0e6340bc733[0m [36mstatus[0m=[35m200[0m
[2m09:55:05[0m [[32m[1minfo     [0m] [1mStarting sandbox execution: pip=['pydantic>=2.0', 'jinja2>=3.0', 'weasyprint>=60.0'], apt=['libpango-1.0-0', 'libpangocairo-1.0-0', 'libcairo2'], input_files=[][0m [36mreq[0m=[35m29da237c[0m
[2m09:55:06[0m [[32m[1minfo     [0m] [1mInstalling system packages: libpango-1.0-0 libpangocairo-1.0-0 libcairo2[0m [36mreq[0m=[35m29da237c[0m
[2m09:55:09[0m [[32m[1minfo     [0m] [1mGetting challenge status: id=4e257d41-a3d1-4638-a0dc-331ec7d7517b[0m [36mreq[0m=[35m5a9bf804[0m
[2m09:55:09[0m [[32m[1minfo     [0m] [1mrequest_finished                        [0m [36mduration[0m=[35m0.017[0m [36mmethod[0m=[35mGET[0m [36mpath[0m=[35m/api/v1/challenges/4e257d41-a3d1-4638-a0dc-331ec7d7517b[0m [36mreq[0m=[35m5a9bf804[0m [36mrequest_id[0m=[35m5a9bf804-8464-4a13-95b5-22c00da9bd28[0m [36mstatus[0m=[35m200[0m
[2m09:55:14[0m [[32m[1minfo     [0m] [1mGetting challenge status: id=4e257d41-a3d1-4638-a0dc-331ec7d7517b[0m [36mreq[0m=[35m7477be35[0m
[2m09:55:14[0m [[32m[1minfo     [0m] [1mrequest_finished                        [0m [36mduration[0m=[35m0.02[0m [36mmethod[0m=[35mGET[0m [36mpath[0m=[35m/api/v1/challenges/4e257d41-a3d1-4638-a0dc-331ec7d7517b[0m [36mreq[0m=[35m7477be35[0m [36mrequest_id[0m=[35m7477be35-9981-4f47-bf86-a5a7bebd44b3[0m [36mstatus[0m=[35m200[0m
[2m09:55:16[0m [[32m[1minfo     [0m] [1mSystem packages installed successfully: libpango-1.0-0 libpangocairo-1.0-0 libcairo2[0m [36mreq[0m=[35m29da237c[0m
[2m09:55:16[0m [[32m[1minfo     [0m] [1mInstalling pip packages: "pydantic>=2.0" "jinja2>=3.0" "weasyprint>=60.0"[0m [36mreq[0m=[35m29da237c[0m
[2m09:55:19[0m [[32m[1minfo     [0m] [1mGetting challenge status: id=4e257d41-a3d1-4638-a0dc-331ec7d7517b[0m [36mreq[0m=[35m6a9016cf[0m
[2m09:55:19[0m [[32m[1minfo     [0m] [1mrequest_finished                        [0m [36mduration[0m=[35m0.012[0m [36mmethod[0m=[35mGET[0m [36mpath[0m=[35m/api/v1/challenges/4e257d41-a3d1-4638-a0dc-331ec7d7517b[0m [36mreq[0m=[35m6a9016cf[0m [36mrequest_id[0m=[35m6a9016cf-f59a-4a99-8bc3-179a5cf1f0ff[0m [36mstatus[0m=[35m200[0m
[2m09:55:22[0m [[32m[1minfo     [0m] [1mPip packages installed successfully     [0m [36mreq[0m=[35m29da237c[0m
[2m09:55:23[0m [[32m[1minfo     [0m] [1mSandbox execution complete: success=True, time=17701ms, cached=False[0m [36mreq[0m=[35m29da237c[0m
[2m09:55:24[0m [[32m[1minfo     [0m] [1mGetting challenge status: id=4e257d41-a3d1-4638-a0dc-331ec7d7517b[0m [36mreq[0m=[35m4e78fdad[0m
[2m09:55:24[0m [[32m[1minfo     [0m] [1mrequest_finished                        [0m [36mduration[0m=[35m0.015[0m [36mmethod[0m=[35mGET[0m [36mpath[0m=[35m/api/v1/challenges/4e257d41-a3d1-4638-a0dc-331ec7d7517b[0m [36mreq[0m=[35m4e78fdad[0m [36mrequest_id[0m=[35m4e78fdad-cc98-496d-83fa-ed5a70ac3934[0m [36mstatus[0m=[35m200[0m
[2m09:55:29[0m [[32m[1minfo     [0m] [1mCreated new skill: e5c3a47c-4423-4809-b092-e903e5db1466[0m [36mreq[0m=[35m29da237c[0m
[2m09:55:29[0m [[32m[1minfo     [0m] [1mRecorded build attempt: capability=draft formal acceptance protocol (Abnahmeprotokoll) including defect catalog, success=True, error_type=None[0m [36mreq[0m=[35m29da237c[0m
[2m09:55:29[0m [[32m[1minfo     [0m] [1mSkill development complete: skill_draft_formal_acceptance_protocol_(abnahmeprotokoll)_including_defect_catalog in 68235ms[0m [36mreq[0m=[35m29da237c[0m
[2m09:55:29[0m [[32m[1minfo     [0m] [1mSkill Team built skill: skill_draft_formal_acceptance_protocol_(abnahmeprotokoll)_including_defect_catalog, duration=68.3s[0m [36mreq[0m=[35m29da237c[0m
[2m09:55:29[0m [[32m[1minfo     [0m] [1mAgent 'context_retriever' already has capability 'draft formal acceptance protocol (Abnahmeprotokoll) including defect catalog'[0m [36mreq[0m=[35m29da237c[0m
[2m09:55:29[0m [[32m[1minfo     [0m] [1mCreated skill binding: skill=e5c3a47c..., agent=b2dc02c9..., capability='draft formal acceptance protocol (Abnahmeprotokoll) including defect catalog'[0m [36mreq[0m=[35m29da237c[0m
[2m09:55:29[0m [[32m[1minfo     [0m] [1mInjecting skill e5c3a47c... with plan: target_agent=1f2421c6..., rationale=The report_generator agent is specifically designed for creating structured documentation and formal outputs, making it the ideal owner for generating acceptance protocols.[0m [36mreq[0m=[35m29da237c[0m
[2m09:55:29[0m [[32m[1minfo     [0m] [1mCreated skill binding: skill=e5c3a47c... -> agent=1f2421c6...[0m [36mreq[0m=[35m29da237c[0m
[2m09:55:29[0m [[32m[1minfo     [0m] [1mLoading topology from database...       [0m [36mreq[0m=[35m29da237c[0m
[2m09:55:29[0m [[32m[1minfo     [0m] [1mMapped 23 skill entries to 23 capabilities[0m [36mreq[0m=[35m29da237c[0m
[2m09:55:29[0m [[32m[1minfo     [0m] [1mTopology validated: 11 agents in 5 waves[0m [36mreq[0m=[35m29da237c[0m
[2m09:55:29[0m [[32m[1minfo     [0m] [1mLoaded 23 skills for topology           [0m [36mreq[0m=[35m29da237c[0m
[2m09:55:29[0m [[32m[1minfo     [0m] [1mTopology loaded: 11 agents, 5 waves     [0m [36mreq[0m=[35m29da237c[0m
[2m09:55:29[0m [[32m[1minfo     [0m] [1mPlan-based injection complete: skill=e5c3a47c... -> agent=report_generator[0m [36mreq[0m=[35m29da237c[0m
[2m09:55:29[0m [[32m[1minfo     [0m] [1mRecorded build attempt: capability=draft formal acceptance protocol (Abnahmeprotokoll) including defect catalog, success=True, error_type=None[0m [36mreq[0m=[35m29da237c[0m
[2m09:55:29[0m [[32m[1minfo     [0m] [1mGap completed: 047b0634... -> skill/e5c3a47c...[0m [36mreq[0m=[35m29da237c[0m
[2m09:55:29[0m [[32m[1minfo     [0m] [1mAll gaps processed for plan 2ab58d93... [0m [36mreq[0m=[35m29da237c[0m
[2m09:55:29[0m [[32m[1minfo     [0m] [1mCompleted gap plan: 2ab58d93..., status=completed, completed=2, failed=0[0m [36mreq[0m=[35m29da237c[0m
[2m09:55:29[0m [[32m[1minfo     [0m] [1mGap plan execution finished: 2ab58d93..., completed=2, failed=0, artifacts=2[0m [36mreq[0m=[35m29da237c[0m
[2m09:55:29[0m [[32m[1minfo     [0m] [1mVerifying gap closure after cycle 1, built 2 capabilities[0m [36mreq[0m=[35m29da237c[0m
[2m09:55:29[0m [[32m[1minfo     [0m] [1mGap OPEN: 'verify compliance of technical defects against DIN standards'[0m [36mreq[0m=[35m29da237c[0m
[2m09:55:29[0m [[32m[1minfo     [0m] [1mGap CLOSED: 'draft formal acceptance protocol (Abnahmeprotokoll) including defect catalog' by skill/e5c3a47c...[0m [36mreq[0m=[35m29da237c[0m
[2m09:55:29[0m [[32m[1minfo     [0m] [1mPlan verification complete: 2ab58d93..., closed=1/2, all_closed=False[0m [36mreq[0m=[35m29da237c[0m
[2m09:55:29[0m [[32m[1minfo     [0m] [1mVerification result: closed=1/2, all_closed=False[0m [36mreq[0m=[35m29da237c[0m
[2m09:55:29[0m [[32m[1minfo     [0m] [1mCreated gap plan: id=f50d3533..., challenge=4e257d41..., gaps=1, cycle=2[0m [36mreq[0m=[35m29da237c[0m
[2m09:55:29[0m [[32m[1minfo     [0m] [1mCreated new cycle 2 with 1 REMAINING gaps (not new ones!) for challenge 4e257d41...[0m [36mreq[0m=[35m29da237c[0m
[2m09:55:29[0m [[32m[1minfo     [0m] [1mGetting challenge status: id=4e257d41-a3d1-4638-a0dc-331ec7d7517b[0m [36mreq[0m=[35m90527c7a[0m
[2m09:55:29[0m [[32m[1minfo     [0m] [1mCapability building partial: 4e257d41-a3d1-4638-a0dc-331ec7d7517b, built=2[0m [36mreq[0m=[35m29da237c[0m
[2m09:55:29[0m [[32m[1minfo     [0m] [1mrequest_finished                        [0m [36mduration[0m=[35m0.01[0m [36mmethod[0m=[35mGET[0m [36mpath[0m=[35m/api/v1/challenges/4e257d41-a3d1-4638-a0dc-331ec7d7517b[0m [36mreq[0m=[35m90527c7a[0m [36mrequest_id[0m=[35m90527c7a-bb90-48b8-b62c-7d39a26e735d[0m [36mstatus[0m=[35m200[0m
[2m09:55:34[0m [[32m[1minfo     [0m] [1mGetting challenge status: id=4e257d41-a3d1-4638-a0dc-331ec7d7517b[0m [36mreq[0m=[35meb7d5322[0m
[2m09:55:34[0m [[32m[1minfo     [0m] [1mrequest_finished                        [0m [36mduration[0m=[35m0.012[0m [36mmethod[0m=[35mGET[0m [36mpath[0m=[35m/api/v1/challenges/4e257d41-a3d1-4638-a0dc-331ec7d7517b[0m [36mreq[0m=[35meb7d5322[0m [36mrequest_id[0m=[35meb7d5322-e48e-489c-aaa9-f2254cbf1d8e[0m [36mstatus[0m=[35m200[0m
[2m09:55:34[0m [[32m[1minfo     [0m] [1mExecuting challenge: id=4e257d41-a3d1-4638-a0dc-331ec7d7517b[0m [36mreq[0m=[35m346c28eb[0m
[2m09:55:34[0m [[32m[1minfo     [0m] [1mrequest_finished                        [0m [36mduration[0m=[35m0.008[0m [36mmethod[0m=[35mPOST[0m [36mpath[0m=[35m/api/v1/challenges/4e257d41-a3d1-4638-a0dc-331ec7d7517b/execute[0m [36mreq[0m=[35m346c28eb[0m [36mrequest_id[0m=[35m346c28eb-6b1e-4c0e-b029-5e5ae17e14d1[0m [36mstatus[0m=[35m200[0m
[2m09:55:34[0m [[32m[1minfo     [0m] [1mStarting background execution: challenge_id=4e257d41-a3d1-4638-a0dc-331ec7d7517b[0m [36mreq[0m=[35m346c28eb[0m
[2m09:55:34[0m [[32m[1minfo     [0m] [1mLoading topology from database...       [0m [36mreq[0m=[35m346c28eb[0m
[2m09:55:34[0m [[32m[1minfo     [0m] [1mMapped 23 skill entries to 23 capabilities[0m [36mreq[0m=[35m346c28eb[0m
[2m09:55:34[0m [[32m[1minfo     [0m] [1mTopology validated: 11 agents in 5 waves[0m [36mreq[0m=[35m346c28eb[0m
[2m09:55:34[0m [[32m[1minfo     [0m] [1mLoaded 23 skills for topology           [0m [36mreq[0m=[35m346c28eb[0m
[2m09:55:34[0m [[32m[1minfo     [0m] [1mTopology loaded: 11 agents, 5 waves     [0m [36mreq[0m=[35m346c28eb[0m
[2m09:55:34[0m [[32m[1minfo     [0m] [1mShared memory initialized with Qdrant   [0m [36mreq[0m=[35m346c28eb[0m
[2m09:55:34[0m [[32m[1minfo     [0m] [1mHybridOrchestrator initialized          [0m [36mreq[0m=[35m346c28eb[0m
[2m09:55:34[0m [[32m[1minfo     [0m] [1mStarting execution: 76f2a865-9546-41cc-87d4-b598a65fc323[0m [36mreq[0m=[35m346c28eb[0m
[2m09:55:34[0m [[32m[1minfo     [0m] [1mLoading topology from database...       [0m [36mreq[0m=[35m346c28eb[0m
[2m09:55:34[0m [[32m[1minfo     [0m] [1mMapped 23 skill entries to 23 capabilities[0m [36mreq[0m=[35m346c28eb[0m
[2m09:55:34[0m [[32m[1minfo     [0m] [1mTopology validated: 11 agents in 5 waves[0m [36mreq[0m=[35m346c28eb[0m
[2m09:55:34[0m [[32m[1minfo     [0m] [1mLoaded 23 skills for topology           [0m [36mreq[0m=[35m346c28eb[0m
[2m09:55:34[0m [[32m[1minfo     [0m] [1mTopology loaded: 11 agents, 5 waves     [0m [36mreq[0m=[35m346c28eb[0m
[2m09:55:34[0m [[32m[1minfo     [0m] [1mDocker client connected successfully    [0m [36mreq[0m=[35m346c28eb[0m
[2m09:55:34[0m [[32m[1minfo     [0m] [1mCreated DynamicSandbox executor (Docker-based, unrestricted)[0m [36mreq[0m=[35m346c28eb[0m
[2m09:55:34[0m [[33m[1mwarning  [0m] [1mCould not create intervention orchestrator for self-healing: create_intervention_orchestrator() got an unexpected keyword argument 'db'[0m [36mreq[0m=[35m346c28eb[0m
[2m09:55:34[0m [[32m[1minfo     [0m] [1mExecuting wave 1/5: ['48324bdb-f46b-4ef6-b11e-dd2d8cdf8342', 'd4108be4-aa62-4697-9f7c-25061a79bc67', '5671fd80-d2a5-42dc-ab47-82786692a0a8', 'f7561701-e5aa-4148-a500-879a7980dc01'][0m [36mreq[0m=[35m346c28eb[0m
[2m09:55:34[0m [[32m[1minfo     [0m] [1mExecuting agent: transcript_analyzer (48324bdb-f46b-4ef6-b11e-dd2d8cdf8342)[0m [36mreq[0m=[35m346c28eb[0m
[2m09:55:34[0m [[32m[1minfo     [0m] [1mExecuting agent: product_owner (d4108be4-aa62-4697-9f7c-25061a79bc67)[0m [36mreq[0m=[35m346c28eb[0m
[2m09:55:34[0m [[33m[1mwarning  [0m] [1mAgent product_owner expected artifacts ['analysis_findings'] but none found in pool[0m [36mreq[0m=[35m346c28eb[0m
[2m09:55:34[0m [[32m[1minfo     [0m] [1mExecuting agent: quality_judge (5671fd80-d2a5-42dc-ab47-82786692a0a8)[0m [36mreq[0m=[35m346c28eb[0m
[2m09:55:34[0m [[33m[1mwarning  [0m] [1mAgent quality_judge expected artifacts ['ab_test_samples'] but none found in pool[0m [36mreq[0m=[35m346c28eb[0m
[2m09:55:34[0m [[32m[1minfo     [0m] [1mExecuting agent: execution_analyzer (f7561701-e5aa-4148-a500-879a7980dc01)[0m [36mreq[0m=[35m346c28eb[0m
[2m09:55:34[0m [[33m[1mwarning  [0m] [1mAgent execution_analyzer expected artifacts ['execution_telemetry'] but none found in pool[0m [36mreq[0m=[35m346c28eb[0m
[2m09:55:35[0m [[32m[1minfo     [0m] [1mshared_memory_metrics agent=transcript_analyzer facts_kept=5 facts_total=8 hypotheses=0 relations=0 approx_tokens=2583 query_chars=6555[0m [36mreq[0m=[35m346c28eb[0m
[2m09:55:35[0m [[32m[1minfo     [0m] [1mAgent quality_judge returned final answer after 0 tool calls[0m [36mreq[0m=[35m346c28eb[0m
[2m09:55:36[0m [[32m[1minfo     [0m] [1mAgent product_owner returned final answer after 0 tool calls[0m [36mreq[0m=[35m346c28eb[0m
[2m09:55:36[0m [[32m[1minfo     [0m] [1mAgent quality_judge completed           [0m [36mreq[0m=[35m346c28eb[0m
[2m09:55:36[0m [[32m[1minfo     [0m] [1mAgent product_owner completed           [0m [36mreq[0m=[35m346c28eb[0m
[2m09:55:36[0m [[32m[1minfo     [0m] [1mAgent execution_analyzer returned final answer after 0 tool calls[0m [36mreq[0m=[35m346c28eb[0m
[2m09:55:36[0m [[32m[1minfo     [0m] [1mAgent execution_analyzer completed      [0m [36mreq[0m=[35m346c28eb[0m
[2m09:55:37[0m [[32m[1minfo     [0m] [1mTool call 1/5: skill_draft_formal_acceptance_protocol_(abnahmeprotokoll)_including_defect_catalog[0m [36mreq[0m=[35m346c28eb[0m
[2m09:55:37[0m [[32m[1minfo     [0m] [1mStarting sandbox execution: pip=['pydantic>=2.0', 'jinja2>=3.0', 'weasyprint>=60.0'], apt=['libpango-1.0-0', 'libpangocairo-1.0-0', 'libcairo2'], input_files=[][0m [36mreq[0m=[35m346c28eb[0m
[2m09:55:37[0m [[32m[1minfo     [0m] [1mInstalling system packages: libpango-1.0-0 libpangocairo-1.0-0 libcairo2[0m [36mreq[0m=[35m346c28eb[0m
[2m09:55:39[0m [[32m[1minfo     [0m] [1mGetting challenge status: id=4e257d41-a3d1-4638-a0dc-331ec7d7517b[0m [36mreq[0m=[35m351ff733[0m
[2m09:55:39[0m [[32m[1minfo     [0m] [1mrequest_finished                        [0m [36mduration[0m=[35m0.005[0m [36mmethod[0m=[35mGET[0m [36mpath[0m=[35m/api/v1/challenges/4e257d41-a3d1-4638-a0dc-331ec7d7517b[0m [36mreq[0m=[35m351ff733[0m [36mrequest_id[0m=[35m351ff733-1157-483d-9e51-903e77d52446[0m [36mstatus[0m=[35m200[0m
[2m09:55:44[0m [[32m[1minfo     [0m] [1mGetting challenge status: id=4e257d41-a3d1-4638-a0dc-331ec7d7517b[0m [36mreq[0m=[35ma65a5214[0m
[2m09:55:44[0m [[32m[1minfo     [0m] [1mrequest_finished                        [0m [36mduration[0m=[35m0.021[0m [36mmethod[0m=[35mGET[0m [36mpath[0m=[35m/api/v1/challenges/4e257d41-a3d1-4638-a0dc-331ec7d7517b[0m [36mreq[0m=[35ma65a5214[0m [36mrequest_id[0m=[35ma65a5214-8937-412d-9caf-9d3093515201[0m [36mstatus[0m=[35m200[0m
[2m09:55:47[0m [[32m[1minfo     [0m] [1mSystem packages installed successfully: libpango-1.0-0 libpangocairo-1.0-0 libcairo2[0m [36mreq[0m=[35m346c28eb[0m
[2m09:55:47[0m [[32m[1minfo     [0m] [1mInstalling pip packages: "pydantic>=2.0" "jinja2>=3.0" "weasyprint>=60.0"[0m [36mreq[0m=[35m346c28eb[0m
[2m09:55:49[0m [[32m[1minfo     [0m] [1mGetting challenge status: id=4e257d41-a3d1-4638-a0dc-331ec7d7517b[0m [36mreq[0m=[35m87572a62[0m
[2m09:55:49[0m [[32m[1minfo     [0m] [1mrequest_finished                        [0m [36mduration[0m=[35m0.005[0m [36mmethod[0m=[35mGET[0m [36mpath[0m=[35m/api/v1/challenges/4e257d41-a3d1-4638-a0dc-331ec7d7517b[0m [36mreq[0m=[35m87572a62[0m [36mrequest_id[0m=[35m87572a62-1618-4f7d-8d10-97ce37d28583[0m [36mstatus[0m=[35m200[0m
[2m09:55:52[0m [[32m[1minfo     [0m] [1mPip packages installed successfully     [0m [36mreq[0m=[35m346c28eb[0m
[2m09:55:52[0m [[32m[1minfo     [0m] [1mSandbox execution complete: success=True, time=15770ms, cached=False[0m [36mreq[0m=[35m346c28eb[0m
[2m09:55:52[0m [[32m[1minfo     [0m] [1mCaching container image for future use...[0m [36mreq[0m=[35m346c28eb[0m
[2m09:55:52[0m [[32m[1minfo     [0m] [1mBuilding image: lumari-sandbox:custom-0b15a594[0m [36mreq[0m=[35m346c28eb[0m
[2m09:55:52[0m [[32m[1minfo     [0m] [1m  pip: ['pydantic>=2.0', 'jinja2>=3.0', 'weasyprint>=60.0'][0m [36mreq[0m=[35m346c28eb[0m
[2m09:55:52[0m [[32m[1minfo     [0m] [1m  apt: ['libpango-1.0-0', 'libpangocairo-1.0-0', 'libcairo2'][0m [36mreq[0m=[35m346c28eb[0m
[2m09:55:54[0m [[32m[1minfo     [0m] [1mGetting challenge status: id=4e257d41-a3d1-4638-a0dc-331ec7d7517b[0m [36mreq[0m=[35mcef9e581[0m
[2m09:55:54[0m [[32m[1minfo     [0m] [1mrequest_finished                        [0m [36mduration[0m=[35m0.01[0m [36mmethod[0m=[35mGET[0m [36mpath[0m=[35m/api/v1/challenges/4e257d41-a3d1-4638-a0dc-331ec7d7517b[0m [36mreq[0m=[35mcef9e581[0m [36mrequest_id[0m=[35mcef9e581-77e7-4665-af9e-5c1668f7e33e[0m [36mstatus[0m=[35m200[0m
[2m09:55:59[0m [[32m[1minfo     [0m] [1mGetting challenge status: id=4e257d41-a3d1-4638-a0dc-331ec7d7517b[0m [36mreq[0m=[35m394d1a6d[0m
[2m09:55:59[0m [[32m[1minfo     [0m] [1mrequest_finished                        [0m [36mduration[0m=[35m0.005[0m [36mmethod[0m=[35mGET[0m [36mpath[0m=[35m/api/v1/challenges/4e257d41-a3d1-4638-a0dc-331ec7d7517b[0m [36mreq[0m=[35m394d1a6d[0m [36mrequest_id[0m=[35m394d1a6d-8b26-4c45-b496-86f87c7a6b39[0m [36mstatus[0m=[35m200[0m
[2m09:56:04[0m [[32m[1minfo     [0m] [1mGetting challenge status: id=4e257d41-a3d1-4638-a0dc-331ec7d7517b[0m [36mreq[0m=[35m8b837abf[0m
[2m09:56:04[0m [[32m[1minfo     [0m] [1mrequest_finished                        [0m [36mduration[0m=[35m0.009[0m [36mmethod[0m=[35mGET[0m [36mpath[0m=[35m/api/v1/challenges/4e257d41-a3d1-4638-a0dc-331ec7d7517b[0m [36mreq[0m=[35m8b837abf[0m [36mrequest_id[0m=[35m8b837abf-ac91-4fa6-8a29-0a80f16a34b1[0m [36mstatus[0m=[35m200[0m
[2m09:56:09[0m [[32m[1minfo     [0m] [1mGetting challenge status: id=4e257d41-a3d1-4638-a0dc-331ec7d7517b[0m [36mreq[0m=[35m37c27453[0m
[2m09:56:09[0m [[32m[1minfo     [0m] [1mrequest_finished                        [0m [36mduration[0m=[35m0.02[0m [36mmethod[0m=[35mGET[0m [36mpath[0m=[35m/api/v1/challenges/4e257d41-a3d1-4638-a0dc-331ec7d7517b[0m [36mreq[0m=[35m37c27453[0m [36mrequest_id[0m=[35m37c27453-1faf-45ed-bb4a-7361544559ec[0m [36mstatus[0m=[35m200[0m
[2m09:56:14[0m [[32m[1minfo     [0m] [1mGetting challenge status: id=4e257d41-a3d1-4638-a0dc-331ec7d7517b[0m [36mreq[0m=[35me07479f1[0m
[2m09:56:15[0m [[32m[1minfo     [0m] [1mrequest_finished                        [0m [36mduration[0m=[35m0.021[0m [36mmethod[0m=[35mGET[0m [36mpath[0m=[35m/api/v1/challenges/4e257d41-a3d1-4638-a0dc-331ec7d7517b[0m [36mreq[0m=[35me07479f1[0m [36mrequest_id[0m=[35me07479f1-ac04-4e5b-9349-785d33f29a11[0m [36mstatus[0m=[35m200[0m
[2m09:56:20[0m [[32m[1minfo     [0m] [1mGetting challenge status: id=4e257d41-a3d1-4638-a0dc-331ec7d7517b[0m [36mreq[0m=[35m53a60759[0m
[2m09:56:20[0m [[32m[1minfo     [0m] [1mrequest_finished                        [0m [36mduration[0m=[35m0.011[0m [36mmethod[0m=[35mGET[0m [36mpath[0m=[35m/api/v1/challenges/4e257d41-a3d1-4638-a0dc-331ec7d7517b[0m [36mreq[0m=[35m53a60759[0m [36mrequest_id[0m=[35m53a60759-86f6-4c20-b9e3-117874b1c973[0m [36mstatus[0m=[35m200[0m
[2m09:56:25[0m [[32m[1minfo     [0m] [1mGetting challenge status: id=4e257d41-a3d1-4638-a0dc-331ec7d7517b[0m [36mreq[0m=[35m89604854[0m
[2m09:56:25[0m [[32m[1minfo     [0m] [1mrequest_finished                        [0m [36mduration[0m=[35m0.021[0m [36mmethod[0m=[35mGET[0m [36mpath[0m=[35m/api/v1/challenges/4e257d41-a3d1-4638-a0dc-331ec7d7517b[0m [36mreq[0m=[35m89604854[0m [36mrequest_id[0m=[35m89604854-badd-44e2-80ed-04960c1512f8[0m [36mstatus[0m=[35m200[0m
[2m09:56:25[0m [[32m[1minfo     [0m] [1mImage built successfully: lumari-sandbox:custom-0b15a594 (32267ms)[0m [36mreq[0m=[35m346c28eb[0m
[2m09:56:30[0m [[32m[1minfo     [0m] [1mGetting challenge status: id=4e257d41-a3d1-4638-a0dc-331ec7d7517b[0m [36mreq[0m=[35mc5029534[0m
[2m09:56:30[0m [[32m[1minfo     [0m] [1mrequest_finished                        [0m [36mduration[0m=[35m0.039[0m [36mmethod[0m=[35mGET[0m [36mpath[0m=[35m/api/v1/challenges/4e257d41-a3d1-4638-a0dc-331ec7d7517b[0m [36mreq[0m=[35mc5029534[0m [36mrequest_id[0m=[35mc5029534-a826-4f37-9863-9239bc7dc3cd[0m [36mstatus[0m=[35m200[0m
[2m09:56:33[0m [[32m[1minfo     [0m] [1mAgent transcript_analyzer returned final answer after 1 tool calls[0m [36mreq[0m=[35m346c28eb[0m
[2m09:56:33[0m [[32m[1minfo     [0m] [1mAgent transcript_analyzer completed     [0m [36mreq[0m=[35m346c28eb[0m
[2m09:56:33[0m [[32m[1minfo     [0m] [1mWave 1 agent 'transcript_analyzer' completed: success=True, skipped=False, result_len=1143[0m [36mreq[0m=[35m346c28eb[0m
[2m09:56:33[0m [[32m[1minfo     [0m] [1mWave 1 agent 'product_owner' completed: success=True, skipped=False, result_len=242[0m [36mreq[0m=[35m346c28eb[0m
[2m09:56:33[0m [[32m[1minfo     [0m] [1mWave 1 agent 'quality_judge' completed: success=True, skipped=False, result_len=225[0m [36mreq[0m=[35m346c28eb[0m
[2m09:56:33[0m [[32m[1minfo     [0m] [1mWave 1 agent 'execution_analyzer' completed: success=True, skipped=False, result_len=246[0m [36mreq[0m=[35m346c28eb[0m
[2m09:56:33[0m [[32m[1minfo     [0m] [1mExecuting wave 2/5: ['b2dc02c9-3908-4df7-91b9-8b0c7e28487f', '5e4a999b-f0a1-42eb-a1b4-2139acefa16a'][0m [36mreq[0m=[35m346c28eb[0m
[2m09:56:33[0m [[32m[1minfo     [0m] [1mExecuting agent: context_retriever (b2dc02c9-3908-4df7-91b9-8b0c7e28487f)[0m [36mreq[0m=[35m346c28eb[0m
[2m09:56:33[0m [[32m[1minfo     [0m] [1mExecuting agent: control_agent (5e4a999b-f0a1-42eb-a1b4-2139acefa16a)[0m [36mreq[0m=[35m346c28eb[0m
[2m09:56:35[0m [[32m[1minfo     [0m] [1mGetting challenge status: id=4e257d41-a3d1-4638-a0dc-331ec7d7517b[0m [36mreq[0m=[35mb4d42a61[0m
[2m09:56:35[0m [[32m[1minfo     [0m] [1mrequest_finished                        [0m [36mduration[0m=[35m0.013[0m [36mmethod[0m=[35mGET[0m [36mpath[0m=[35m/api/v1/challenges/4e257d41-a3d1-4638-a0dc-331ec7d7517b[0m [36mreq[0m=[35mb4d42a61[0m [36mrequest_id[0m=[35mb4d42a61-28db-4b92-9a00-d15f80acee9b[0m [36mstatus[0m=[35m200[0m
[2m09:56:38[0m [[32m[1minfo     [0m] [1mAgent control_agent returned final answer after 0 tool calls[0m [36mreq[0m=[35m346c28eb[0m
[2m09:56:39[0m [[32m[1minfo     [0m] [1mAgent control_agent completed           [0m [36mreq[0m=[35m346c28eb[0m
[2m09:56:40[0m [[32m[1minfo     [0m] [1mGetting challenge status: id=4e257d41-a3d1-4638-a0dc-331ec7d7517b[0m [36mreq[0m=[35mdcbf18cc[0m
[2m09:56:40[0m [[32m[1minfo     [0m] [1mrequest_finished                        [0m [36mduration[0m=[35m0.015[0m [36mmethod[0m=[35mGET[0m [36mpath[0m=[35m/api/v1/challenges/4e257d41-a3d1-4638-a0dc-331ec7d7517b[0m [36mreq[0m=[35mdcbf18cc[0m [36mrequest_id[0m=[35mdcbf18cc-2118-430c-bac7-c5890eb9fbd3[0m [36mstatus[0m=[35m200[0m
[2m09:56:41[0m [[32m[1minfo     [0m] [1mAgent context_retriever returned final answer after 0 tool calls[0m [36mreq[0m=[35m346c28eb[0m
[2m09:56:41[0m [[32m[1minfo     [0m] [1mAgent context_retriever completed       [0m [36mreq[0m=[35m346c28eb[0m
[2m09:56:41[0m [[32m[1minfo     [0m] [1mWave 2 agent 'context_retriever' completed: success=True, skipped=False, result_len=1258[0m [36mreq[0m=[35m346c28eb[0m
[2m09:56:41[0m [[32m[1minfo     [0m] [1mWave 2 agent 'control_agent' completed: success=True, skipped=False, result_len=175[0m [36mreq[0m=[35m346c28eb[0m
[2m09:56:41[0m [[32m[1minfo     [0m] [1mExecuting wave 3/5: ['1f2421c6-735f-4969-a645-50035999332e', '9c14e96b-dd95-4dd9-bd8e-b6b8408aa6b5', '1faeb7d5-0669-4b22-8ef2-e39118ed3692'][0m [36mreq[0m=[35m346c28eb[0m
[2m09:56:41[0m [[32m[1minfo     [0m] [1mExecuting agent: report_generator (1f2421c6-735f-4969-a645-50035999332e)[0m [36mreq[0m=[35m346c28eb[0m
[2m09:56:41[0m [[32m[1minfo     [0m] [1mExecuting agent: prompt_engineer (9c14e96b-dd95-4dd9-bd8e-b6b8408aa6b5)[0m [36mreq[0m=[35m346c28eb[0m
[2m09:56:41[0m [[32m[1minfo     [0m] [1mExecuting agent: tool_builder (1faeb7d5-0669-4b22-8ef2-e39118ed3692)[0m [36mreq[0m=[35m346c28eb[0m
[2m09:56:44[0m [[32m[1minfo     [0m] [1mAgent prompt_engineer returned final answer after 0 tool calls[0m [36mreq[0m=[35m346c28eb[0m
[2m09:56:44[0m [[32m[1minfo     [0m] [1mAgent report_generator returned final answer after 0 tool calls[0m [36mreq[0m=[35m346c28eb[0m
[2m09:56:45[0m [[32m[1minfo     [0m] [1mGetting challenge status: id=4e257d41-a3d1-4638-a0dc-331ec7d7517b[0m [36mreq[0m=[35m8e7515aa[0m
[2m09:56:45[0m [[32m[1minfo     [0m] [1mrequest_finished                        [0m [36mduration[0m=[35m0.029[0m [36mmethod[0m=[35mGET[0m [36mpath[0m=[35m/api/v1/challenges/4e257d41-a3d1-4638-a0dc-331ec7d7517b[0m [36mreq[0m=[35m8e7515aa[0m [36mrequest_id[0m=[35m8e7515aa-796d-4d58-9949-a3f1b1b743b3[0m [36mstatus[0m=[35m200[0m
[2m09:56:45[0m [[32m[1minfo     [0m] [1mAgent tool_builder returned final answer after 0 tool calls[0m [36mreq[0m=[35m346c28eb[0m
[2m09:56:45[0m [[32m[1minfo     [0m] [1mAgent prompt_engineer completed         [0m [36mreq[0m=[35m346c28eb[0m
[2m09:56:45[0m [[32m[1minfo     [0m] [1mAgent report_generator completed        [0m [36mreq[0m=[35m346c28eb[0m
[2m09:56:45[0m [[32m[1minfo     [0m] [1mAgent tool_builder completed            [0m [36mreq[0m=[35m346c28eb[0m
[2m09:56:45[0m [[32m[1minfo     [0m] [1mWave 3 agent 'report_generator' completed: success=True, skipped=False, result_len=2051[0m [36mreq[0m=[35m346c28eb[0m
[2m09:56:45[0m [[32m[1minfo     [0m] [1mWave 3 agent 'prompt_engineer' completed: success=True, skipped=False, result_len=1865[0m [36mreq[0m=[35m346c28eb[0m
[2m09:56:45[0m [[32m[1minfo     [0m] [1mWave 3 agent 'tool_builder' completed: success=True, skipped=False, result_len=3385[0m [36mreq[0m=[35m346c28eb[0m
[2m09:56:45[0m [[32m[1minfo     [0m] [1mExecuting wave 4/5: ['c2acf232-05a8-4e93-9b0f-166a3b4e1c9a'][0m [36mreq[0m=[35m346c28eb[0m
[2m09:56:45[0m [[32m[1minfo     [0m] [1mExecuting agent: quality_validator (c2acf232-05a8-4e93-9b0f-166a3b4e1c9a)[0m [36mreq[0m=[35m346c28eb[0m
[2m09:56:46[0m [[32m[1minfo     [0m] [1mAgent quality_validator returned final answer after 0 tool calls[0m [36mreq[0m=[35m346c28eb[0m
[2m09:56:47[0m [[32m[1minfo     [0m] [1mAgent quality_validator completed       [0m [36mreq[0m=[35m346c28eb[0m
[2m09:56:47[0m [[32m[1minfo     [0m] [1mWave 4 agent 'quality_validator' completed: success=True, skipped=False, result_len=105[0m [36mreq[0m=[35m346c28eb[0m
[2m09:56:47[0m [[32m[1minfo     [0m] [1mExecuting wave 5/5: ['5b933062-ee8f-4a2f-b39e-e4b8f63d060d'][0m [36mreq[0m=[35m346c28eb[0m
[2m09:56:47[0m [[32m[1minfo     [0m] [1mExecuting agent: report_finalizer (5b933062-ee8f-4a2f-b39e-e4b8f63d060d)[0m [36mreq[0m=[35m346c28eb[0m
[2m09:56:50[0m [[32m[1minfo     [0m] [1mAgent report_finalizer returned final answer after 0 tool calls[0m [36mreq[0m=[35m346c28eb[0m
[2m09:56:50[0m [[32m[1minfo     [0m] [1mGetting challenge status: id=4e257d41-a3d1-4638-a0dc-331ec7d7517b[0m [36mreq[0m=[35mc2633007[0m
[2m09:56:50[0m [[32m[1minfo     [0m] [1mrequest_finished                        [0m [36mduration[0m=[35m0.007[0m [36mmethod[0m=[35mGET[0m [36mpath[0m=[35m/api/v1/challenges/4e257d41-a3d1-4638-a0dc-331ec7d7517b[0m [36mreq[0m=[35mc2633007[0m [36mrequest_id[0m=[35mc2633007-7c4b-4103-8eb3-812b6e0f6458[0m [36mstatus[0m=[35m200[0m
[2m09:56:50[0m [[32m[1minfo     [0m] [1mAgent report_finalizer completed        [0m [36mreq[0m=[35m346c28eb[0m
[2m09:56:50[0m [[32m[1minfo     [0m] [1mWave 5 agent 'report_finalizer' completed: success=True, skipped=False, result_len=2570[0m [36mreq[0m=[35m346c28eb[0m
[2m09:56:50[0m [[32m[1minfo     [0m] [1mArtifact pool cleared: 11 artifacts discarded[0m [36mreq[0m=[35m346c28eb[0m
[2m09:56:50[0m [[32m[1minfo     [0m] [1mPersisted 1 facts to shared memory for execution 76f2a865-9546-41cc-87d4-b598a65fc323[0m [36mreq[0m=[35m346c28eb[0m
[2m09:56:50[0m [[32m[1minfo     [0m] [1mStarting telemetry for agent=48324bdb..., execution=76f2a865...[0m [36mreq[0m=[35m346c28eb[0m
[2m09:56:50[0m [[33m[1mwarning  [0m] [1mTelemetrie-Bridge fehlgeschlagen: 1 validation error for ExecutionTelemetryCreate
outcome
  Input should be 'success', 'error', 'timeout' or 'cancelled' [type=literal_error, input_value='running', input_type=str]
    For further information visit https://errors.pydantic.dev/2.11/v/literal_error[0m [36mreq[0m=[35m346c28eb[0m
[2m09:56:50[0m [[32m[1minfo     [0m] [1mConfigured epicbox profile: image=lumari-sandbox:latest, limits={'cputime': 5, 'realtime': 10, 'memory': 128, 'processes': 1}[0m [36mreq[0m=[35m346c28eb[0m
[2m09:56:50[0m [[32m[1minfo     [0m] [1mStarting analysis pipeline for execution_id=76f2a865...[0m [36mreq[0m=[35m346c28eb[0m
[2m09:56:50[0m [[32m[1minfo     [0m] [1mExecution completed: challenge_id=4e257d41-a3d1-4638-a0dc-331ec7d7517b, success=True[0m [36mreq[0m=[35m346c28eb[0m
[2m09:56:50[0m [[33m[1mwarning  [0m] [1mNo telemetry found for execution 76f2a865-9546-41cc-87d4-b598a65fc323[0m [36mreq[0m=[35m346c28eb[0m
[2m09:56:55[0m [[32m[1minfo     [0m] [1mGetting challenge status: id=4e257d41-a3d1-4638-a0dc-331ec7d7517b[0m [36mreq[0m=[35mb97fba86[0m
[2m09:56:55[0m [[32m[1minfo     [0m] [1mrequest_finished                        [0m [36mduration[0m=[35m0.018[0m [36mmethod[0m=[35mGET[0m [36mpath[0m=[35m/api/v1/challenges/4e257d41-a3d1-4638-a0dc-331ec7d7517b[0m [36mreq[0m=[35mb97fba86[0m [36mrequest_id[0m=[35mb97fba86-13d9-4360-872d-1b41635e493e[0m [36mstatus[0m=[35m200[0m
[2m09:56:55[0m [[32m[1minfo     [0m] [1mGetting challenge results: id=4e257d41-a3d1-4638-a0dc-331ec7d7517b[0m [36mreq[0m=[35m0d4f59bc[0m
[2m09:56:55[0m [[32m[1minfo     [0m] [1mrequest_finished                        [0m [36mduration[0m=[35m0.007[0m [36mmethod[0m=[35mGET[0m [36mpath[0m=[35m/api/v1/challenges/4e257d41-a3d1-4638-a0dc-331ec7d7517b/results[0m [36mreq[0m=[35m0d4f59bc[0m [36mrequest_id[0m=[35m0d4f59bc-6c96-49e0-8072-f5579a4f00c8[0m [36mstatus[0m=[35m200[0m
[2m09:58:05[0m [[32m[1minfo     [0m] [1mShutting down                           [0m
[2m09:58:05[0m [[32m[1minfo     [0m] [1mWaiting for application shutdown.       [0m
[2m09:58:05[0m [[32m[1minfo     [0m] [1mShutting down OpenTelemetry provider    [0m
[2m09:58:05[0m [[32m[1minfo     [0m] [1mOpenTelemetry provider shutdown complete[0m
[2m09:58:05[0m [[32m[1minfo     [0m] [1mOpenTelemetry shutdown complete         [0m
[2m09:58:05[0m [[32m[1minfo     [0m] [1mApplication shutdown complete.          [0m
[2m09:58:05[0m [[32m[1minfo     [0m] [1mFinished server process [21243]         [0m
