INFO:     Will watch for changes in these directories: ['/Users/patrick/Documents/Uni/master_project/backend']
INFO:     Uvicorn running on http://127.0.0.1:8000 (Press CTRL+C to quit)
INFO:     Started reloader process [52926] using WatchFiles
[2m11:35:30[0m [[32m[1minfo     [0m] [1mStarted server process [52932]          [0m
[2m11:35:30[0m [[32m[1minfo     [0m] [1mWaiting for application startup.        [0m
[2m11:35:30[0m [[32m[1minfo     [0m] [1mDatabase already initialized (133 tables)[0m
[2m11:35:30[0m [[32m[1minfo     [0m] [1mSetting up OpenTelemetry for lumari-backend v0.1.0[0m
[2m11:35:30[0m [[32m[1minfo     [0m] [1mConsole span exporter enabled           [0m
[2m11:35:30[0m [[32m[1minfo     [0m] [1mFastAPI instrumentation complete        [0m
[2m11:35:30[0m [[32m[1minfo     [0m] [1mOpenTelemetry instrumentation initialized[0m
[2m11:35:30[0m [[32m[1minfo     [0m] [1mApplication startup complete.           [0m
[2m11:35:31[0m [[32m[1minfo     [0m] [1mrequest_finished                        [0m [36mduration[0m=[35m0.001[0m [36mmethod[0m=[35mGET[0m [36mpath[0m=[35m/[0m [36mreq[0m=[35me75438ae[0m [36mrequest_id[0m=[35me75438ae-ab6c-416a-9843-ec233c50437d[0m [36mstatus[0m=[35m404[0m
[2m11:35:31[0m [[32m[1minfo     [0m] [1mrequest_finished                        [0m [36mduration[0m=[35m0.001[0m [36mmethod[0m=[35mGET[0m [36mpath[0m=[35m/favicon.ico[0m [36mreq[0m=[35m16923066[0m [36mrequest_id[0m=[35m16923066-64e4-4374-acf0-ce68941cfe29[0m [36mstatus[0m=[35m404[0m
[2m11:35:34[0m [[32m[1minfo     [0m] [1mrequest_finished                        [0m [36mduration[0m=[35m0.001[0m [36mmethod[0m=[35mGET[0m [36mpath[0m=[35m/[0m [36mreq[0m=[35m1a352740[0m [36mrequest_id[0m=[35m1a352740-29c9-4fab-910d-b091fd2953f7[0m [36mstatus[0m=[35m404[0m
[2m11:35:39[0m [[32m[1minfo     [0m] [1mGetting telemetry summary               [0m [36mreq[0m=[35md9d13790[0m
[2m11:35:39[0m [[32m[1minfo     [0m] [1mGetting telemetry summary               [0m [36mreq[0m=[35mb3f33d09[0m
[2m11:35:39[0m [[32m[1minfo     [0m] [1mListing A/B tests: status=None, artifact_type=None, limit=50, offset=0[0m [36mreq[0m=[35mba06e337[0m
[2m11:35:39[0m [[32m[1minfo     [0m] [1mListing executions: agent_id=None, outcome=None, limit=5, offset=0[0m [36mreq[0m=[35m56036f4b[0m
[2m11:35:39[0m [[32m[1minfo     [0m] [1mrequest_finished                        [0m [36mduration[0m=[35m0.003[0m [36mmethod[0m=[35mGET[0m [36mpath[0m=[35m/api/v1/events/executions[0m [36mreq[0m=[35mb8152e4a[0m [36mrequest_id[0m=[35mb8152e4a-6c1d-459e-b187-1625df7c52fa[0m [36mstatus[0m=[35m404[0m
[2m11:35:39[0m [[32m[1minfo     [0m] [1mrequest_finished                        [0m [36mduration[0m=[35m0.092[0m [36mmethod[0m=[35mGET[0m [36mpath[0m=[35m/api/v1/challenges/settings/user[0m [36mreq[0m=[35me3cad35f[0m [36mrequest_id[0m=[35me3cad35f-9e4d-4ee5-8487-467f7cd34155[0m [36mstatus[0m=[35m200[0m
[2m11:35:39[0m [[32m[1minfo     [0m] [1mrequest_finished                        [0m [36mduration[0m=[35m0.089[0m [36mmethod[0m=[35mGET[0m [36mpath[0m=[35m/api/v1/ab-tests[0m [36mreq[0m=[35mba06e337[0m [36mrequest_id[0m=[35mba06e337-d035-4faf-a7d1-c239fddf69ac[0m [36mstatus[0m=[35m200[0m
[2m11:35:39[0m [[32m[1minfo     [0m] [1mrequest_finished                        [0m [36mduration[0m=[35m0.089[0m [36mmethod[0m=[35mGET[0m [36mpath[0m=[35m/api/v1/telemetry/executions[0m [36mreq[0m=[35m56036f4b[0m [36mrequest_id[0m=[35m56036f4b-4604-4557-bca2-05faa2cd1849[0m [36mstatus[0m=[35m200[0m
[2m11:35:39[0m [[32m[1minfo     [0m] [1mrequest_finished                        [0m [36mduration[0m=[35m0.136[0m [36mmethod[0m=[35mGET[0m [36mpath[0m=[35m/api/v1/telemetry/summary[0m [36mreq[0m=[35md9d13790[0m [36mrequest_id[0m=[35md9d13790-bdd8-49d3-b616-3ef56fdb83f0[0m [36mstatus[0m=[35m200[0m
[2m11:35:39[0m [[32m[1minfo     [0m] [1mrequest_finished                        [0m [36mduration[0m=[35m0.13[0m [36mmethod[0m=[35mGET[0m [36mpath[0m=[35m/api/v1/telemetry/summary[0m [36mreq[0m=[35mb3f33d09[0m [36mrequest_id[0m=[35mb3f33d09-7a53-4767-85f4-c9365a51bc3f[0m [36mstatus[0m=[35m200[0m
[2m11:35:40[0m [[32m[1minfo     [0m] [1mrequest_finished                        [0m [36mduration[0m=[35m0.0[0m [36mmethod[0m=[35mGET[0m [36mpath[0m=[35m/api/v1/events/executions[0m [36mreq[0m=[35me9c3277c[0m [36mrequest_id[0m=[35me9c3277c-361b-469c-88d1-f2d80129594c[0m [36mstatus[0m=[35m404[0m
[2m11:35:42[0m [[32m[1minfo     [0m] [1mrequest_finished                        [0m [36mduration[0m=[35m0.0[0m [36mmethod[0m=[35mGET[0m [36mpath[0m=[35m/api/v1/events/executions[0m [36mreq[0m=[35m3264aa63[0m [36mrequest_id[0m=[35m3264aa63-42c0-4d43-85c3-0fad4284dc88[0m [36mstatus[0m=[35m404[0m
[2m11:35:45[0m [[32m[1minfo     [0m] [1mListing executions: limit=20, offset=0, status=None[0m [36mreq[0m=[35m4f82cd67[0m
[2m11:35:45[0m [[32m[1minfo     [0m] [1mListing executions: limit=20, offset=0, status=None[0m [36mreq[0m=[35mf565e068[0m
[2m11:35:45[0m [[32m[1minfo     [0m] [1mrequest_finished                        [0m [36mduration[0m=[35m0.038[0m [36mmethod[0m=[35mGET[0m [36mpath[0m=[35m/api/v1/executions[0m [36mreq[0m=[35mf565e068[0m [36mrequest_id[0m=[35mf565e068-2ac1-455a-b50d-517692220a5b[0m [36mstatus[0m=[35m200[0m
[2m11:35:45[0m [[32m[1minfo     [0m] [1mrequest_finished                        [0m [36mduration[0m=[35m0.038[0m [36mmethod[0m=[35mGET[0m [36mpath[0m=[35m/api/v1/executions[0m [36mreq[0m=[35m4f82cd67[0m [36mrequest_id[0m=[35m4f82cd67-c22a-492e-82d3-0657823493fc[0m [36mstatus[0m=[35m200[0m
[2m11:35:46[0m [[32m[1minfo     [0m] [1mListing prompts: status=None, search=None, limit=50, offset=0[0m [36mreq[0m=[35mfc7fedbd[0m
[2m11:35:46[0m [[32m[1minfo     [0m] [1mListing prompts: status=None, search=None, limit=50, offset=0[0m [36mreq[0m=[35m7354c7e9[0m
[2m11:35:46[0m [[32m[1minfo     [0m] [1mListing agents: status=None, search=None, limit=50, offset=0[0m [36mreq[0m=[35mdbf340f8[0m
[2m11:35:46[0m [[32m[1minfo     [0m] [1mListing agents: status=None, search=None, limit=50, offset=0[0m [36mreq[0m=[35m16baf435[0m
[2m11:35:46[0m [[32m[1minfo     [0m] [1mrequest_finished                        [0m [36mduration[0m=[35m0.035[0m [36mmethod[0m=[35mGET[0m [36mpath[0m=[35m/api/v1/agents[0m [36mreq[0m=[35mdbf340f8[0m [36mrequest_id[0m=[35mdbf340f8-14d7-442f-a5d0-e0201bf8e586[0m [36mstatus[0m=[35m200[0m
[2m11:35:46[0m [[32m[1minfo     [0m] [1mrequest_finished                        [0m [36mduration[0m=[35m0.039[0m [36mmethod[0m=[35mGET[0m [36mpath[0m=[35m/api/v1/prompts[0m [36mreq[0m=[35mfc7fedbd[0m [36mrequest_id[0m=[35mfc7fedbd-83d5-493c-ade8-561a9d76d817[0m [36mstatus[0m=[35m200[0m
[2m11:35:46[0m [[32m[1minfo     [0m] [1mrequest_finished                        [0m [36mduration[0m=[35m0.036[0m [36mmethod[0m=[35mGET[0m [36mpath[0m=[35m/api/v1/prompts[0m [36mreq[0m=[35m7354c7e9[0m [36mrequest_id[0m=[35m7354c7e9-a3d4-4568-a263-429a0bd7c0e4[0m [36mstatus[0m=[35m200[0m
[2m11:35:46[0m [[32m[1minfo     [0m] [1mrequest_finished                        [0m [36mduration[0m=[35m0.035[0m [36mmethod[0m=[35mGET[0m [36mpath[0m=[35m/api/v1/evolution/history[0m [36mreq[0m=[35m68cb0dbd[0m [36mrequest_id[0m=[35m68cb0dbd-d2a1-40d5-aba0-d05b68681d51[0m [36mstatus[0m=[35m200[0m
[2m11:35:46[0m [[32m[1minfo     [0m] [1mrequest_finished                        [0m [36mduration[0m=[35m0.039[0m [36mmethod[0m=[35mGET[0m [36mpath[0m=[35m/api/v1/evolution/history[0m [36mreq[0m=[35md87bd9be[0m [36mrequest_id[0m=[35md87bd9be-bbcf-4ade-844b-d9abd7b5d014[0m [36mstatus[0m=[35m200[0m
[2m11:35:46[0m [[32m[1minfo     [0m] [1mrequest_finished                        [0m [36mduration[0m=[35m0.038[0m [36mmethod[0m=[35mGET[0m [36mpath[0m=[35m/api/v1/agents[0m [36mreq[0m=[35m16baf435[0m [36mrequest_id[0m=[35m16baf435-b622-4979-b392-67e59724af3e[0m [36mstatus[0m=[35m200[0m
[2m11:35:49[0m [[32m[1minfo     [0m] [1mrequest_finished                        [0m [36mduration[0m=[35m0.014[0m [36mmethod[0m=[35mGET[0m [36mpath[0m=[35m/api/v1/evolution/history[0m [36mreq[0m=[35m020d40ee[0m [36mrequest_id[0m=[35m020d40ee-5ec3-4709-b93e-26594603ce86[0m [36mstatus[0m=[35m200[0m
[2m11:35:49[0m [[32m[1minfo     [0m] [1mrequest_finished                        [0m [36mduration[0m=[35m0.002[0m [36mmethod[0m=[35mGET[0m [36mpath[0m=[35m/api/v1/evaluation/snapshots[0m [36mreq[0m=[35mf4fe19da[0m [36mrequest_id[0m=[35mf4fe19da-07b4-469a-bbe8-5d7a3afd6685[0m [36mstatus[0m=[35m200[0m
[2m11:35:49[0m [[32m[1minfo     [0m] [1mrequest_finished                        [0m [36mduration[0m=[35m0.002[0m [36mmethod[0m=[35mGET[0m [36mpath[0m=[35m/api/v1/evaluation/snapshots[0m [36mreq[0m=[35mca409533[0m [36mrequest_id[0m=[35mca409533-de35-4b7f-bd09-a02bcdd18b51[0m [36mstatus[0m=[35m200[0m
[2m11:35:53[0m [[32m[1minfo     [0m] [1mGetting topology: include_inactive=False[0m [36mreq[0m=[35md19d1680[0m
[2m11:35:53[0m [[32m[1minfo     [0m] [1mGetting topology: include_inactive=False[0m [36mreq[0m=[35m01292397[0m
[2m11:35:53[0m [[32m[1minfo     [0m] [1mSSE topology stream requested           [0m [36mreq[0m=[35m5e9b2151[0m
[2m11:35:53[0m [[32m[1minfo     [0m] [1mStarting topology stream                [0m [36mreq[0m=[35m5e9b2151[0m
[2m11:35:53[0m [[32m[1minfo     [0m] [1mrequest_finished                        [0m [36mduration[0m=[35m0.015[0m [36mmethod[0m=[35mGET[0m [36mpath[0m=[35m/api/v1/events/topology[0m [36mreq[0m=[35m5e9b2151[0m [36mrequest_id[0m=[35m5e9b2151-832c-4983-9522-b98383de883d[0m [36mstatus[0m=[35m200[0m
[2m11:35:53[0m [[32m[1minfo     [0m] [1mrequest_finished                        [0m [36mduration[0m=[35m0.03[0m [36mmethod[0m=[35mGET[0m [36mpath[0m=[35m/api/v1/topology[0m [36mreq[0m=[35m01292397[0m [36mrequest_id[0m=[35m01292397-091e-46ee-a140-e896dfe22829[0m [36mstatus[0m=[35m200[0m
[2m11:35:53[0m [[32m[1minfo     [0m] [1mrequest_finished                        [0m [36mduration[0m=[35m0.03[0m [36mmethod[0m=[35mGET[0m [36mpath[0m=[35m/api/v1/topology[0m [36mreq[0m=[35md19d1680[0m [36mrequest_id[0m=[35md19d1680-5f9d-4486-b982-3fda8ab742fd[0m [36mstatus[0m=[35m200[0m
[2m11:35:58[0m [[32m[1minfo     [0m] [1mListing agents: status=None, search=None, limit=50, offset=0[0m [36mreq[0m=[35m0ece4717[0m
[2m11:35:58[0m [[32m[1minfo     [0m] [1mListing agents: status=None, search=None, limit=50, offset=0[0m [36mreq[0m=[35ma6eeed9c[0m
[2m11:35:58[0m [[32m[1minfo     [0m] [1mrequest_finished                        [0m [36mduration[0m=[35m0.003[0m [36mmethod[0m=[35mGET[0m [36mpath[0m=[35m/api/v1/agents[0m [36mreq[0m=[35ma6eeed9c[0m [36mrequest_id[0m=[35ma6eeed9c-fe12-4314-ad85-7ba26d2a0110[0m [36mstatus[0m=[35m200[0m
[2m11:35:58[0m [[32m[1minfo     [0m] [1mrequest_finished                        [0m [36mduration[0m=[35m0.005[0m [36mmethod[0m=[35mGET[0m [36mpath[0m=[35m/api/v1/agents[0m [36mreq[0m=[35m0ece4717[0m [36mrequest_id[0m=[35m0ece4717-9ae4-4116-9b00-450b82351024[0m [36mstatus[0m=[35m200[0m
[2m11:36:01[0m [[32m[1minfo     [0m] [1mListing skills: status=None, search=None, limit=50, offset=0[0m [36mreq[0m=[35me810d53b[0m
[2m11:36:01[0m [[32m[1minfo     [0m] [1mListing skills: status=None, search=None, limit=50, offset=0[0m [36mreq[0m=[35m241b7b68[0m
[2m11:36:01[0m [[32m[1minfo     [0m] [1mrequest_finished                        [0m [36mduration[0m=[35m0.035[0m [36mmethod[0m=[35mGET[0m [36mpath[0m=[35m/api/v1/skills[0m [36mreq[0m=[35me810d53b[0m [36mrequest_id[0m=[35me810d53b-929a-41d1-bb23-b3dd16365d3d[0m [36mstatus[0m=[35m200[0m
[2m11:36:01[0m [[32m[1minfo     [0m] [1mrequest_finished                        [0m [36mduration[0m=[35m0.035[0m [36mmethod[0m=[35mGET[0m [36mpath[0m=[35m/api/v1/skills[0m [36mreq[0m=[35m241b7b68[0m [36mrequest_id[0m=[35m241b7b68-8d9e-4dbd-b667-bc5fb548c575[0m [36mstatus[0m=[35m200[0m
[2m11:36:05[0m [[32m[1minfo     [0m] [1mListing prompts: status=None, search=None, limit=50, offset=0[0m [36mreq[0m=[35m32778578[0m
[2m11:36:05[0m [[32m[1minfo     [0m] [1mListing prompts: status=None, search=None, limit=50, offset=0[0m [36mreq[0m=[35m0bd77fae[0m
[2m11:36:05[0m [[32m[1minfo     [0m] [1mrequest_finished                        [0m [36mduration[0m=[35m0.009[0m [36mmethod[0m=[35mGET[0m [36mpath[0m=[35m/api/v1/prompts[0m [36mreq[0m=[35m0bd77fae[0m [36mrequest_id[0m=[35m0bd77fae-7bd9-467d-ad65-1f73ad8c0322[0m [36mstatus[0m=[35m200[0m
[2m11:36:05[0m [[32m[1minfo     [0m] [1mrequest_finished                        [0m [36mduration[0m=[35m0.015[0m [36mmethod[0m=[35mGET[0m [36mpath[0m=[35m/api/v1/prompts[0m [36mreq[0m=[35m32778578[0m [36mrequest_id[0m=[35m32778578-23e1-40d5-91ec-c2a2a6b2c585[0m [36mstatus[0m=[35m200[0m
[2m11:36:08[0m [[32m[1minfo     [0m] [1mGetting telemetry summary               [0m [36mreq[0m=[35mc0c2539b[0m
[2m11:36:08[0m [[32m[1minfo     [0m] [1mListing A/B tests: status=None, artifact_type=None, limit=50, offset=0[0m [36mreq[0m=[35mb7a646b0[0m
[2m11:36:08[0m [[32m[1minfo     [0m] [1mListing executions: agent_id=None, outcome=None, limit=5, offset=0[0m [36mreq[0m=[35m344ffb3a[0m
[2m11:36:08[0m [[32m[1minfo     [0m] [1mGetting telemetry summary               [0m [36mreq[0m=[35m56343e73[0m
[2m11:36:08[0m [[32m[1minfo     [0m] [1mListing A/B tests: status=None, artifact_type=None, limit=50, offset=0[0m [36mreq[0m=[35m3b05cfea[0m
[2m11:36:08[0m [[32m[1minfo     [0m] [1mListing executions: agent_id=None, outcome=None, limit=5, offset=0[0m [36mreq[0m=[35me1e54aac[0m
[2m11:36:08[0m [[32m[1minfo     [0m] [1mrequest_finished                        [0m [36mduration[0m=[35m0.042[0m [36mmethod[0m=[35mGET[0m [36mpath[0m=[35m/api/v1/telemetry/executions[0m [36mreq[0m=[35m344ffb3a[0m [36mrequest_id[0m=[35m344ffb3a-bf18-4ffb-ab5b-ce38c963bb97[0m [36mstatus[0m=[35m200[0m
[2m11:36:08[0m [[32m[1minfo     [0m] [1mrequest_finished                        [0m [36mduration[0m=[35m0.043[0m [36mmethod[0m=[35mGET[0m [36mpath[0m=[35m/api/v1/ab-tests[0m [36mreq[0m=[35mb7a646b0[0m [36mrequest_id[0m=[35mb7a646b0-f3c6-4e9d-8af3-969a78905ce5[0m [36mstatus[0m=[35m200[0m
[2m11:36:08[0m [[32m[1minfo     [0m] [1mrequest_finished                        [0m [36mduration[0m=[35m0.031[0m [36mmethod[0m=[35mGET[0m [36mpath[0m=[35m/api/v1/ab-tests[0m [36mreq[0m=[35m3b05cfea[0m [36mrequest_id[0m=[35m3b05cfea-15e3-4376-a0e0-9c8925f3f01b[0m [36mstatus[0m=[35m200[0m
[2m11:36:08[0m [[32m[1minfo     [0m] [1mrequest_finished                        [0m [36mduration[0m=[35m0.02[0m [36mmethod[0m=[35mGET[0m [36mpath[0m=[35m/api/v1/telemetry/executions[0m [36mreq[0m=[35me1e54aac[0m [36mrequest_id[0m=[35me1e54aac-078d-474f-ae02-7be46abbee0b[0m [36mstatus[0m=[35m200[0m
[2m11:36:08[0m [[32m[1minfo     [0m] [1mrequest_finished                        [0m [36mduration[0m=[35m0.043[0m [36mmethod[0m=[35mGET[0m [36mpath[0m=[35m/api/v1/telemetry/summary[0m [36mreq[0m=[35m56343e73[0m [36mrequest_id[0m=[35m56343e73-3edf-4cfe-877e-67a7f5629013[0m [36mstatus[0m=[35m200[0m
[2m11:36:08[0m [[32m[1minfo     [0m] [1mrequest_finished                        [0m [36mduration[0m=[35m0.002[0m [36mmethod[0m=[35mGET[0m [36mpath[0m=[35m/api/v1/events/executions[0m [36mreq[0m=[35ma71d87f1[0m [36mrequest_id[0m=[35ma71d87f1-7f0e-4a0d-b00e-16acb36c65e5[0m [36mstatus[0m=[35m404[0m
[2m11:36:08[0m [[32m[1minfo     [0m] [1mrequest_finished                        [0m [36mduration[0m=[35m0.071[0m [36mmethod[0m=[35mGET[0m [36mpath[0m=[35m/api/v1/telemetry/summary[0m [36mreq[0m=[35mc0c2539b[0m [36mrequest_id[0m=[35mc0c2539b-5706-4dcb-92ae-c1ea9e424cdf[0m [36mstatus[0m=[35m200[0m
[2m11:36:09[0m [[32m[1minfo     [0m] [1mGetting telemetry summary               [0m [36mreq[0m=[35m9129fb40[0m
[2m11:36:09[0m [[32m[1minfo     [0m] [1mrequest_finished                        [0m [36mduration[0m=[35m0.02[0m [36mmethod[0m=[35mGET[0m [36mpath[0m=[35m/api/v1/telemetry/summary[0m [36mreq[0m=[35m9129fb40[0m [36mrequest_id[0m=[35m9129fb40-0c20-4a0c-b607-317f1d8561eb[0m [36mstatus[0m=[35m200[0m
[2m11:36:10[0m [[32m[1minfo     [0m] [1mrequest_finished                        [0m [36mduration[0m=[35m0.001[0m [36mmethod[0m=[35mGET[0m [36mpath[0m=[35m/api/v1/events/executions[0m [36mreq[0m=[35mb7052a66[0m [36mrequest_id[0m=[35mb7052a66-3b12-4622-82d6-53dfd3044e8d[0m [36mstatus[0m=[35m404[0m
[2m11:36:12[0m [[32m[1minfo     [0m] [1mrequest_finished                        [0m [36mduration[0m=[35m0.0[0m [36mmethod[0m=[35mGET[0m [36mpath[0m=[35m/api/v1/events/executions[0m [36mreq[0m=[35mc8a45c3a[0m [36mrequest_id[0m=[35mc8a45c3a-94df-4288-8d20-72351d660850[0m [36mstatus[0m=[35m404[0m
[2m11:36:16[0m [[32m[1minfo     [0m] [1mrequest_finished                        [0m [36mduration[0m=[35m0.0[0m [36mmethod[0m=[35mGET[0m [36mpath[0m=[35m/api/v1/events/executions[0m [36mreq[0m=[35md6207218[0m [36mrequest_id[0m=[35md6207218-659f-476e-8735-05367e021fa2[0m [36mstatus[0m=[35m404[0m
[2m11:37:00[0m [[32m[1minfo     [0m] [1mGetting telemetry summary               [0m [36mreq[0m=[35m75571c61[0m
[2m11:37:00[0m [[32m[1minfo     [0m] [1mGetting telemetry summary               [0m [36mreq[0m=[35m9f6aee69[0m
[2m11:37:00[0m [[32m[1minfo     [0m] [1mrequest_finished                        [0m [36mduration[0m=[35m0.001[0m [36mmethod[0m=[35mGET[0m [36mpath[0m=[35m/api/v1/events/executions[0m [36mreq[0m=[35m008a925f[0m [36mrequest_id[0m=[35m008a925f-2e22-4655-9805-57fd942561a3[0m [36mstatus[0m=[35m404[0m
[2m11:37:00[0m [[32m[1minfo     [0m] [1mrequest_finished                        [0m [36mduration[0m=[35m0.065[0m [36mmethod[0m=[35mGET[0m [36mpath[0m=[35m/api/v1/telemetry/summary[0m [36mreq[0m=[35m75571c61[0m [36mrequest_id[0m=[35m75571c61-df8b-40a2-9c6f-9a90b6153d73[0m [36mstatus[0m=[35m200[0m
[2m11:37:00[0m [[32m[1minfo     [0m] [1mrequest_finished                        [0m [36mduration[0m=[35m0.065[0m [36mmethod[0m=[35mGET[0m [36mpath[0m=[35m/api/v1/telemetry/summary[0m [36mreq[0m=[35m9f6aee69[0m [36mrequest_id[0m=[35m9f6aee69-d1ae-4f00-857c-99af5b7d0d61[0m [36mstatus[0m=[35m200[0m
[2m11:38:49[0m [[32m[1minfo     [0m] [1mGetting telemetry summary               [0m [36mreq[0m=[35mfdd6c81a[0m
[2m11:38:49[0m [[32m[1minfo     [0m] [1mGetting telemetry summary               [0m [36mreq[0m=[35m4f12abf1[0m
[2m11:38:49[0m [[32m[1minfo     [0m] [1mrequest_finished                        [0m [36mduration[0m=[35m0.009[0m [36mmethod[0m=[35mGET[0m [36mpath[0m=[35m/api/v1/events/executions[0m [36mreq[0m=[35m802a5278[0m [36mrequest_id[0m=[35m802a5278-29fc-420f-97da-14543356f47d[0m [36mstatus[0m=[35m404[0m
[2m11:38:49[0m [[32m[1minfo     [0m] [1mrequest_finished                        [0m [36mduration[0m=[35m0.091[0m [36mmethod[0m=[35mGET[0m [36mpath[0m=[35m/api/v1/telemetry/summary[0m [36mreq[0m=[35m4f12abf1[0m [36mrequest_id[0m=[35m4f12abf1-c629-452e-9f51-ed2d37c6df28[0m [36mstatus[0m=[35m200[0m
[2m11:38:49[0m [[32m[1minfo     [0m] [1mrequest_finished                        [0m [36mduration[0m=[35m0.094[0m [36mmethod[0m=[35mGET[0m [36mpath[0m=[35m/api/v1/telemetry/summary[0m [36mreq[0m=[35mfdd6c81a[0m [36mrequest_id[0m=[35mfdd6c81a-3f36-4ba2-b81b-369a95235be8[0m [36mstatus[0m=[35m200[0m
[2m11:44:53[0m [[32m[1minfo     [0m] [1mGetting telemetry summary               [0m [36mreq[0m=[35m21321453[0m
[2m11:44:53[0m [[32m[1minfo     [0m] [1mGetting telemetry summary               [0m [36mreq[0m=[35mdaabb119[0m
[2m11:44:53[0m [[32m[1minfo     [0m] [1mrequest_finished                        [0m [36mduration[0m=[35m0.086[0m [36mmethod[0m=[35mGET[0m [36mpath[0m=[35m/api/v1/telemetry/summary[0m [36mreq[0m=[35mdaabb119[0m [36mrequest_id[0m=[35mdaabb119-07c9-4fe2-900e-79a8df14c536[0m [36mstatus[0m=[35m200[0m
[2m11:44:53[0m [[32m[1minfo     [0m] [1mrequest_finished                        [0m [36mduration[0m=[35m0.091[0m [36mmethod[0m=[35mGET[0m [36mpath[0m=[35m/api/v1/telemetry/summary[0m [36mreq[0m=[35m21321453[0m [36mrequest_id[0m=[35m21321453-2182-460e-8353-834d041df1d4[0m [36mstatus[0m=[35m200[0m
[2m11:48:16[0m [[32m[1minfo     [0m] [1mGetting telemetry summary               [0m [36mreq[0m=[35m66ae3faf[0m
[2m11:48:16[0m [[32m[1minfo     [0m] [1mGetting telemetry summary               [0m [36mreq[0m=[35mdbb4bddb[0m
[2m11:48:16[0m [[32m[1minfo     [0m] [1mrequest_finished                        [0m [36mduration[0m=[35m0.059[0m [36mmethod[0m=[35mGET[0m [36mpath[0m=[35m/api/v1/telemetry/summary[0m [36mreq[0m=[35m66ae3faf[0m [36mrequest_id[0m=[35m66ae3faf-409c-4d81-9053-80e0b87d0b0c[0m [36mstatus[0m=[35m200[0m
[2m11:48:16[0m [[32m[1minfo     [0m] [1mrequest_finished                        [0m [36mduration[0m=[35m0.059[0m [36mmethod[0m=[35mGET[0m [36mpath[0m=[35m/api/v1/telemetry/summary[0m [36mreq[0m=[35mdbb4bddb[0m [36mrequest_id[0m=[35mdbb4bddb-c967-4d08-918f-aa8b6f4266ae[0m [36mstatus[0m=[35m200[0m
[2m11:48:45[0m [[32m[1minfo     [0m] [1mGetting telemetry summary               [0m [36mreq[0m=[35m7163ad15[0m
[2m11:48:45[0m [[32m[1minfo     [0m] [1mGetting telemetry summary               [0m [36mreq[0m=[35m9cb14e48[0m
[2m11:48:45[0m [[32m[1minfo     [0m] [1mrequest_finished                        [0m [36mduration[0m=[35m0.015[0m [36mmethod[0m=[35mGET[0m [36mpath[0m=[35m/api/v1/telemetry/summary[0m [36mreq[0m=[35m7163ad15[0m [36mrequest_id[0m=[35m7163ad15-d372-4990-b9c4-69b61bbae4eb[0m [36mstatus[0m=[35m200[0m
[2m11:48:45[0m [[32m[1minfo     [0m] [1mrequest_finished                        [0m [36mduration[0m=[35m0.014[0m [36mmethod[0m=[35mGET[0m [36mpath[0m=[35m/api/v1/telemetry/summary[0m [36mreq[0m=[35m9cb14e48[0m [36mrequest_id[0m=[35m9cb14e48-580c-4e58-88ef-99816e684598[0m [36mstatus[0m=[35m200[0m
[2m11:48:59[0m [[32m[1minfo     [0m] [1mListing executions: limit=20, offset=0, status=None[0m [36mreq[0m=[35m72e2a1d0[0m
[2m11:48:59[0m [[32m[1minfo     [0m] [1mListing executions: limit=20, offset=0, status=None[0m [36mreq[0m=[35mdb9a96af[0m
[2m11:48:59[0m [[32m[1minfo     [0m] [1mrequest_finished                        [0m [36mduration[0m=[35m0.091[0m [36mmethod[0m=[35mGET[0m [36mpath[0m=[35m/api/v1/executions[0m [36mreq[0m=[35mdb9a96af[0m [36mrequest_id[0m=[35mdb9a96af-9898-478d-923c-9f52e1755ef3[0m [36mstatus[0m=[35m200[0m
[2m11:48:59[0m [[32m[1minfo     [0m] [1mrequest_finished                        [0m [36mduration[0m=[35m0.095[0m [36mmethod[0m=[35mGET[0m [36mpath[0m=[35m/api/v1/executions[0m [36mreq[0m=[35m72e2a1d0[0m [36mrequest_id[0m=[35m72e2a1d0-8f12-405a-b65b-be1b29fe08eb[0m [36mstatus[0m=[35m200[0m
[2m11:49:02[0m [[32m[1minfo     [0m] [1mListing prompts: status=None, search=None, limit=50, offset=0[0m [36mreq[0m=[35m9d08f5e3[0m
[2m11:49:02[0m [[32m[1minfo     [0m] [1mListing agents: status=None, search=None, limit=50, offset=0[0m [36mreq[0m=[35m28bad6cf[0m
[2m11:49:02[0m [[32m[1minfo     [0m] [1mListing prompts: status=None, search=None, limit=50, offset=0[0m [36mreq[0m=[35md4243ead[0m
[2m11:49:02[0m [[32m[1minfo     [0m] [1mListing agents: status=None, search=None, limit=50, offset=0[0m [36mreq[0m=[35md715cf31[0m
[2m11:49:02[0m [[32m[1minfo     [0m] [1mrequest_finished                        [0m [36mduration[0m=[35m0.023[0m [36mmethod[0m=[35mGET[0m [36mpath[0m=[35m/api/v1/agents[0m [36mreq[0m=[35m28bad6cf[0m [36mrequest_id[0m=[35m28bad6cf-a512-4076-8127-fa18c689bf56[0m [36mstatus[0m=[35m200[0m
[2m11:49:02[0m [[32m[1minfo     [0m] [1mrequest_finished                        [0m [36mduration[0m=[35m0.033[0m [36mmethod[0m=[35mGET[0m [36mpath[0m=[35m/api/v1/evolution/history[0m [36mreq[0m=[35m07b1a917[0m [36mrequest_id[0m=[35m07b1a917-d527-4a81-8fd3-403045c10afe[0m [36mstatus[0m=[35m200[0m
[2m11:49:02[0m [[32m[1minfo     [0m] [1mrequest_finished                        [0m [36mduration[0m=[35m0.035[0m [36mmethod[0m=[35mGET[0m [36mpath[0m=[35m/api/v1/prompts[0m [36mreq[0m=[35m9d08f5e3[0m [36mrequest_id[0m=[35m9d08f5e3-60a9-4ccb-bb20-93e8324250a6[0m [36mstatus[0m=[35m200[0m
[2m11:49:02[0m [[32m[1minfo     [0m] [1mrequest_finished                        [0m [36mduration[0m=[35m0.026[0m [36mmethod[0m=[35mGET[0m [36mpath[0m=[35m/api/v1/agents[0m [36mreq[0m=[35md715cf31[0m [36mrequest_id[0m=[35md715cf31-5f58-4179-83f3-f91235300fda[0m [36mstatus[0m=[35m200[0m
[2m11:49:02[0m [[32m[1minfo     [0m] [1mrequest_finished                        [0m [36mduration[0m=[35m0.026[0m [36mmethod[0m=[35mGET[0m [36mpath[0m=[35m/api/v1/prompts[0m [36mreq[0m=[35md4243ead[0m [36mrequest_id[0m=[35md4243ead-7ff7-4871-8a1f-32c8c93d10b6[0m [36mstatus[0m=[35m200[0m
[2m11:49:02[0m [[32m[1minfo     [0m] [1mrequest_finished                        [0m [36mduration[0m=[35m0.033[0m [36mmethod[0m=[35mGET[0m [36mpath[0m=[35m/api/v1/evolution/history[0m [36mreq[0m=[35m372e2d28[0m [36mrequest_id[0m=[35m372e2d28-a8fc-497b-bfe0-8f6ed271b19d[0m [36mstatus[0m=[35m200[0m
[2m11:49:05[0m [[32m[1minfo     [0m] [1mrequest_finished                        [0m [36mduration[0m=[35m0.009[0m [36mmethod[0m=[35mGET[0m [36mpath[0m=[35m/api/v1/evolution/history[0m [36mreq[0m=[35m8ffc9283[0m [36mrequest_id[0m=[35m8ffc9283-dbd1-4045-80d5-157a854fd602[0m [36mstatus[0m=[35m200[0m
[2m11:49:06[0m [[32m[1minfo     [0m] [1mrequest_finished                        [0m [36mduration[0m=[35m0.005[0m [36mmethod[0m=[35mGET[0m [36mpath[0m=[35m/api/v1/evaluation/snapshots[0m [36mreq[0m=[35mdb0b3ff1[0m [36mrequest_id[0m=[35mdb0b3ff1-9897-40f3-84f3-f4f7ee7f1d58[0m [36mstatus[0m=[35m200[0m
[2m11:49:06[0m [[32m[1minfo     [0m] [1mrequest_finished                        [0m [36mduration[0m=[35m0.001[0m [36mmethod[0m=[35mGET[0m [36mpath[0m=[35m/api/v1/evaluation/snapshots[0m [36mreq[0m=[35m621335fb[0m [36mrequest_id[0m=[35m621335fb-2f3e-4ad3-8df9-de25a3cf8982[0m [36mstatus[0m=[35m200[0m
[2m11:49:15[0m [[32m[1minfo     [0m] [1mGetting telemetry summary               [0m [36mreq[0m=[35m9b1dfcf5[0m
[2m11:49:15[0m [[32m[1minfo     [0m] [1mrequest_finished                        [0m [36mduration[0m=[35m0.009[0m [36mmethod[0m=[35mGET[0m [36mpath[0m=[35m/api/v1/telemetry/summary[0m [36mreq[0m=[35m9b1dfcf5[0m [36mrequest_id[0m=[35m9b1dfcf5-5938-4d04-ba64-1d12f8fee3ec[0m [36mstatus[0m=[35m200[0m
[2m11:49:20[0m [[32m[1minfo     [0m] [1mGetting topology: include_inactive=False[0m [36mreq[0m=[35m08d439bf[0m
[2m11:49:20[0m [[32m[1minfo     [0m] [1mGetting topology: include_inactive=False[0m [36mreq[0m=[35m0fd16721[0m
[2m11:49:20[0m [[32m[1minfo     [0m] [1mSSE topology stream requested           [0m [36mreq[0m=[35m2c783551[0m
[2m11:49:20[0m [[32m[1minfo     [0m] [1mStarting topology stream                [0m [36mreq[0m=[35m2c783551[0m
[2m11:49:20[0m [[32m[1minfo     [0m] [1mrequest_finished                        [0m [36mduration[0m=[35m0.002[0m [36mmethod[0m=[35mGET[0m [36mpath[0m=[35m/api/v1/events/topology[0m [36mreq[0m=[35m2c783551[0m [36mrequest_id[0m=[35m2c783551-4dd8-44b0-a0e9-3a14a114e692[0m [36mstatus[0m=[35m200[0m
[2m11:49:20[0m [[32m[1minfo     [0m] [1mrequest_finished                        [0m [36mduration[0m=[35m0.013[0m [36mmethod[0m=[35mGET[0m [36mpath[0m=[35m/api/v1/topology[0m [36mreq[0m=[35m08d439bf[0m [36mrequest_id[0m=[35m08d439bf-b714-4e14-8944-47ab3f0b7c0c[0m [36mstatus[0m=[35m200[0m
[2m11:49:20[0m [[32m[1minfo     [0m] [1mrequest_finished                        [0m [36mduration[0m=[35m0.012[0m [36mmethod[0m=[35mGET[0m [36mpath[0m=[35m/api/v1/topology[0m [36mreq[0m=[35m0fd16721[0m [36mrequest_id[0m=[35m0fd16721-0725-47ef-93ec-e27dbc6283a2[0m [36mstatus[0m=[35m200[0m
[2m11:49:22[0m [[32m[1minfo     [0m] [1mListing agents: status=None, search=None, limit=50, offset=0[0m [36mreq[0m=[35mf8b99581[0m
[2m11:49:22[0m [[32m[1minfo     [0m] [1mListing agents: status=None, search=None, limit=50, offset=0[0m [36mreq[0m=[35m9a818c15[0m
[2m11:49:22[0m [[32m[1minfo     [0m] [1mrequest_finished                        [0m [36mduration[0m=[35m0.006[0m [36mmethod[0m=[35mGET[0m [36mpath[0m=[35m/api/v1/agents[0m [36mreq[0m=[35mf8b99581[0m [36mrequest_id[0m=[35mf8b99581-f0ff-4c59-b6c5-4ae2c8cf3daa[0m [36mstatus[0m=[35m200[0m
[2m11:49:22[0m [[32m[1minfo     [0m] [1mrequest_finished                        [0m [36mduration[0m=[35m0.006[0m [36mmethod[0m=[35mGET[0m [36mpath[0m=[35m/api/v1/agents[0m [36mreq[0m=[35m9a818c15[0m [36mrequest_id[0m=[35m9a818c15-f0ca-4aea-b24b-ecf131c5a2ff[0m [36mstatus[0m=[35m200[0m
[2m11:49:34[0m [[32m[1minfo     [0m] [1mListing skills: status=None, search=None, limit=50, offset=0[0m [36mreq[0m=[35m9079b13a[0m
[2m11:49:34[0m [[32m[1minfo     [0m] [1mListing skills: status=None, search=None, limit=50, offset=0[0m [36mreq[0m=[35m3518cb18[0m
[2m11:49:34[0m [[32m[1minfo     [0m] [1mrequest_finished                        [0m [36mduration[0m=[35m0.023[0m [36mmethod[0m=[35mGET[0m [36mpath[0m=[35m/api/v1/skills[0m [36mreq[0m=[35m3518cb18[0m [36mrequest_id[0m=[35m3518cb18-eadb-43ce-b042-106f2c354105[0m [36mstatus[0m=[35m200[0m
[2m11:49:34[0m [[32m[1minfo     [0m] [1mrequest_finished                        [0m [36mduration[0m=[35m0.027[0m [36mmethod[0m=[35mGET[0m [36mpath[0m=[35m/api/v1/skills[0m [36mreq[0m=[35m9079b13a[0m [36mrequest_id[0m=[35m9079b13a-717e-4ef2-9b28-affeec066f0f[0m [36mstatus[0m=[35m200[0m
[2m11:49:45[0m [[32m[1minfo     [0m] [1mGetting telemetry summary               [0m [36mreq[0m=[35mb5913ca4[0m
[2m11:49:46[0m [[32m[1minfo     [0m] [1mrequest_finished                        [0m [36mduration[0m=[35m0.023[0m [36mmethod[0m=[35mGET[0m [36mpath[0m=[35m/api/v1/telemetry/summary[0m [36mreq[0m=[35mb5913ca4[0m [36mrequest_id[0m=[35mb5913ca4-b2cf-4a3c-b413-41437e86e9a1[0m [36mstatus[0m=[35m200[0m
[2m12:34:00[0m [[32m[1minfo     [0m] [1mGetting telemetry summary               [0m [36mreq[0m=[35m0a72c022[0m
[2m12:34:00[0m [[32m[1minfo     [0m] [1mrequest_finished                        [0m [36mduration[0m=[35m0.04[0m [36mmethod[0m=[35mGET[0m [36mpath[0m=[35m/api/v1/telemetry/summary[0m [36mreq[0m=[35m0a72c022[0m [36mrequest_id[0m=[35m0a72c022-41ee-4017-b673-04305381bbb8[0m [36mstatus[0m=[35m200[0m
[2m13:01:51[0m [[32m[1minfo     [0m] [1mGetting telemetry summary               [0m [36mreq[0m=[35m90fba3c1[0m
[2m13:01:51[0m [[32m[1minfo     [0m] [1mrequest_finished                        [0m [36mduration[0m=[35m0.037[0m [36mmethod[0m=[35mGET[0m [36mpath[0m=[35m/api/v1/telemetry/summary[0m [36mreq[0m=[35m90fba3c1[0m [36mrequest_id[0m=[35m90fba3c1-6b2e-4282-bf8a-0d243def4df4[0m [36mstatus[0m=[35m200[0m
