[2m14:06:10[0m [[32m[1minfo     [0m] [1mStarted server process [39981]          [0m
[2m14:06:10[0m [[32m[1minfo     [0m] [1mWaiting for application startup.        [0m
[2m14:06:10[0m [[32m[1minfo     [0m] [1mDatabase already initialized (30 tables)[0m
[2m14:06:11[0m [[32m[1minfo     [0m] [1mSetting up OpenTelemetry for lumari-backend v0.1.0[0m
[2m14:06:11[0m [[32m[1minfo     [0m] [1mConsole span exporter enabled           [0m
[2m14:06:11[0m [[32m[1minfo     [0m] [1mFastAPI instrumentation complete        [0m
[2m14:06:11[0m [[32m[1minfo     [0m] [1mOpenTelemetry instrumentation initialized[0m
[2m14:06:11[0m [[32m[1minfo     [0m] [1mBackfilling applicability for 3 skills...[0m
[2m14:06:12[0m [[32m[1minfo     [0m] [1m  skill_draft_a_formal_safety_protocol_document: applicability set[0m
[2m14:06:12[0m [[32m[1minfo     [0m] [1m  skill_generate_a_standardized_document_template_for_construction_documentation: applicability set[0m
[2m14:06:13[0m [[32m[1minfo     [0m] [1m  skill_create_defect_list_document: applicability set[0m
[2m14:06:13[0m [[32m[1minfo     [0m] [1mApplicability backfill complete         [0m
[2m14:06:13[0m [[32m[1minfo     [0m] [1mApplication startup complete.           [0m
[2m14:06:13[0m [[32m[1minfo     [0m] [1mUvicorn running on http://127.0.0.1:8000 (Press CTRL+C to quit)[0m
[2m14:08:17[0m [[32m[1minfo     [0m] [1mShutting down                           [0m
[2m14:08:17[0m [[32m[1minfo     [0m] [1mWaiting for application shutdown.       [0m
[2m14:08:17[0m [[32m[1minfo     [0m] [1mShutting down OpenTelemetry provider    [0m
[2m14:08:17[0m [[32m[1minfo     [0m] [1mOpenTelemetry provider shutdown complete[0m
[2m14:08:17[0m [[32m[1minfo     [0m] [1mOpenTelemetry shutdown complete         [0m
[2m14:08:17[0m [[32m[1minfo     [0m] [1mApplication shutdown complete.          [0m
[2m14:08:17[0m [[32m[1minfo     [0m] [1mFinished server process [39981]         [0m
